******************************************************************************
              TMS320C55x Linker PC v4.4.1                      
******************************************************************************
>> Linked Tue Jun 28 15:55:57 2022

OUTPUT FILE NAME:   <lookup.out>
ENTRY POINT SYMBOL: "_c_int00"  address: 00004b9c


MEMORY CONFIGURATION

         name            origin    length      used     unused   attr    fill
                        (bytes)   (bytes)    (bytes)   (bytes)
----------------------  --------  ---------  --------  --------  ----  --------
  RAM                   00000100   0000feff  00005fdc  00009f23  R IX
  ROM                   00010000   0000ffff  00000afc  0000f503  RWIX
  VECS                  00ffff00   00000100  00000100  00000000  R IX


SECTION ALLOCATION MAP
(Addresses surrounded by []'s are displayed for convenience only!)

output                                                          attributes/
section   page  orgn(bytes) orgn(words) len(bytes) len(words)   input sections
--------  ----  ----------- ----------- ---------- ----------   --------------
.pinit       0   [ 00010000 ]  00008000          *   00000000   UNINITIALIZED

.text        0     00000100  [ 00000080 ] 00004bca          *   
                   00000100  [ 00000080 ] 000015a4          *   rts55x.lib : _printfi.obj (.text)
                   000016a4  [ 00000b52 ] 000006d9          *   main.obj (.text)
                   00001d7d  [ 00000ebe+] 00000543          *   rts55x.lib : lowlev.obj (.text)
                   000022c0  [ 00001160 ] 00000528          *              : trgdrv.obj (.text)
                   000027e8  [ 000013f4 ] 000004b5          *              : memory.obj (.text)
                   00002c9d  [ 0000164e+] 000003cc          *              : divd.obj (.text)
                   00003069  [ 00001834+] 0000027f          *              : fopen.obj (.text)
                   000032e8  [ 00001974 ] 0000025e          *              : llmpy.obj (.text)
                   00003546  [ 00001aa3 ] 0000025a          *              : addd.obj (.text)
                   000037a0  [ 00001bd0 ] 000001ea          *              : cmpd.obj (.text)
                   0000398a  [ 00001cc5 ] 00000192          *   sar.obj (.text)
                   00003b1c  [ 00001d8e ] 00000163          *   rts55x.lib : fputs.obj (.text)
                   00003c7f  [ 00001e3f+] 00000156          *   usbstk5515_gpio.obj (.text)
                   00003dd5  [ 00001eea+] 0000014c          *   rts55x.lib : mpyd.obj (.text)
                   00003f21  [ 00001f90+] 0000014c          *   usbstk5515_i2c.obj (.text)
                   0000406d  [ 00002036+] 000000e6          *   rts55x.lib : setvbuf.obj (.text)
                   00004153  [ 000020a9+] 000000dd          *              : _io_perm.obj (.text)
                   00004230  [ 00002118 ] 000000c2          *              : fflush.obj (.text)
                   000042f2  [ 00002179 ] 000000ba          *              : trgmsg.obj (.text:CIO_breakpoint)
                   000043ac  [ 000021d6 ] 000000a6          *              : fputc.obj (.text)
                   00004452  [ 00002229 ] 000000a1          *              : divul.obj (.text)
                   000044f3  [ 00002279+] 0000007d          *              : ltoa.obj (.text)
                   00004570  [ 000022b8 ] 0000007b          *              : fclose.obj (.text)
                   000045eb  [ 000022f5+] 00000076          *              : frcmpyd.obj (.text)
                   00004661  [ 00002330+] 00000073          *              : frcmpyd_div.obj (.text)
                   000046d4  [ 0000236a ] 00000072          *              : remul.obj (.text)
                   00004746  [ 000023a3 ] 0000006f          *              : fixdli.obj (.text)
                   000047b5  [ 000023da+] 0000006d          *              : trgmsg.obj (.text)
                   00004822  [ 00002411 ] 0000006b          *              : fseek.obj (.text)
                   0000488d  [ 00002446+] 00000067          *              : fltlid.obj (.text)
                   000048f4  [ 0000247a ] 0000005c          *              : atoi.obj (.text)
                   00004950  [ 000024a8 ] 00000054          *   usbstk5515.obj (.text)
                   000049a4  [ 000024d2 ] 00000050          *   rts55x.lib : printf.obj (.text)
                   000049f4  [ 000024fa ] 0000004d          *              : autoinit.obj (.text)
                   00004a41  [ 00002520+] 0000004b          *              : args_main.obj (.text)
                   00004a8c  [ 00002546 ] 0000004b          *              : remli.obj (.text)
                   00004ad7  [ 0000256b+] 00000048          *              : divli.obj (.text)
                   00004b1f  [ 0000258f+] 0000003f          *              : memcpy.obj (.text)
                   00004b5e  [ 000025af ] 0000003e          *              : exit.obj (.text)
                   00004b9c  [ 000025ce ] 00000034          *              : boot.obj (.text)
                   00004bd0  [ 000025e8 ] 0000002a          *              : fixdi.obj (.text)
                   00004bfa  [ 000025fd ] 0000002a          *              : udiv.obj (.text)
                   00004c24  [ 00002612 ] 00000023          *              : memccpy.obj (.text)
                   00004c47  [ 00002623+] 0000001a          *              : isinf.obj (.text)
                   00004c61  [ 00002630+] 00000014          *              : subd.obj (.text)
                   00004c75  [ 0000263a+] 00000013          *              : lmpy.obj (.text)
                   00004c88  [ 00002644 ] 00000012          *              : _lock.obj (.text)
                   00004c9a  [ 0000264d ] 00000010          *              : negd.obj (.text)
                   00004caa  [ 00002655 ] 0000000c          *              : fltid.obj (.text)
                   00004cb6  [ 0000265b ] 0000000a          *              : remove.obj (.text)
                   00004cc0  [ 00002660 ] 00000007          *              : exit.obj (.text:CIO_breakpoint)
                   00004cc7  [ 00002663+] 00000002          *              : vectors.obj (.text)
                   00004cc9  [ 00002664 ] 00000001          *   --HOLE-- [fill = 20]

.cinit       0   [ 00004cca ]  00002665          *   000003a5   
                 [ 00004cca ]  00002665          *   00000320   main.obj (.cinit)
                 [ 0000530a ]  00002985          *   0000002d   rts55x.lib : lowlev.obj (.cinit)
                 [ 00005364 ]  000029b2          *   0000002a              : defs.obj (.cinit)
                 [ 000053b8 ]  000029dc          *   0000000c   sar.obj (.cinit)
                 [ 000053d0 ]  000029e8          *   0000000a   rts55x.lib : _lock.obj (.cinit)
                 [ 000053e4 ]  000029f2          *   0000000a              : exit.obj (.cinit)
                 [ 000053f8 ]  000029fc          *   00000005   usbstk5515_i2c.obj (.cinit)
                 [ 00005402 ]  00002a01          *   00000004   rts55x.lib : fopen.obj (.cinit)
                 [ 0000540a ]  00002a05          *   00000004              : memory.obj (.cinit)
                 [ 00005412 ]  00002a09          *   00000001   --HOLE-- [fill = 0]

.sysmem      0   [ 00005414 ]  00002a0a          *   00000200   UNINITIALIZED
                 [ 00005414 ]  00002a0a          *   00000200   --HOLE--

.const       0   [ 00005814 ]  00002c0a          *   00000144   
                 [ 00005814 ]  00002c0a          *   00000101   rts55x.lib : ctype.obj (.const:__ctypes_)
                 [ 00005a16 ]  00002d0b          *   00000001   --HOLE-- [fill = 0]
                 [ 00005a18 ]  00002d0c          *   00000024              : _printfi.obj (.const:.string)
                 [ 00005a60 ]  00002d30          *   0000000c              : _printfi.obj (.const)
                 [ 00005a78 ]  00002d3c          *   00000008              : divd.obj (.const:_initial_approx$1)
                 [ 00005a88 ]  00002d44          *   00000003   main.obj (.const:.string)
                 [ 00005a8e ]  00002d47          *   00000001   --HOLE-- [fill = 0]
                 [ 00005a90 ]  00002d48          *   00000002   rts55x.lib : fputs.obj (.const:.string)
                 [ 00005a94 ]  00002d4a          *   00000002   main.obj (.const)
                 [ 00005a98 ]  00002d4c          *   00000002   rts55x.lib : fltlid.obj (.const)

.cio         0   [ 00005aa0 ]  00002d50          *   00000120   UNINITIALIZED
                 [ 00005aa0 ]  00002d50          *   00000120   rts55x.lib : trgmsg.obj (.cio)

.stack       0   [ 00005ce0 ]  00002e70          *   00000100   UNINITIALIZED
                 [ 00005ce0 ]  00002e70          *   00000100   --HOLE--

.sysstack 
*            0   [ 00005ee0 ]  00002f70          *   00000100   UNINITIALIZED
                 [ 00005ee0 ]  00002f70          *   00000100   --HOLE--

.data        0   [ 00010000 ]  00008000          *   00000000   UNINITIALIZED

.bss         0   [ 00010000 ]  00008000          *   0000057e   UNINITIALIZED
                 [ 00010000 ]  00008000          *   0000030e   main.obj (.bss)
                 [ 0001061c ]  0000830e          *   00000119   rts55x.lib : defs.obj (.bss)
                 [ 0001084e ]  00008427          *   000000d0              : trgdrv.obj (.bss)
                 [ 000109ee ]  000084f7          *   00000001              : fopen.obj (.bss)
                 [ 000109f0 ]  000084f8          *   00000071              : lowlev.obj (.bss)
                 [ 00010ad2 ]  00008569          *   00000001   --HOLE--
                 [ 00010ad4 ]  0000856a          *   00000006              : memory.obj (.bss)
                 [ 00010ae0 ]  00008570          *   00000004              : _lock.obj (.bss)
                 [ 00010ae8 ]  00008574          *   00000004              : exit.obj (.bss)
                 [ 00010af0 ]  00008578          *   00000003   sar.obj (.bss)
                 [ 00010af6 ]  0000857b          *   00000001   --HOLE--
                 [ 00010af8 ]  0000857c          *   00000002   usbstk5515_i2c.obj (.bss)

vectors      0     00ffff00  [ 007fff80 ] 00000100          *   
                   00ffff00  [ 007fff80 ] 00000100          *   rts55x.lib : vectors.obj (vectors)


GLOBAL SYMBOLS: SORTED ALPHABETICALLY BY Name 

abs. value/
byte addr   word addr   name
---------   ---------   ----
00000002                $TI_capability$C5500$CallingConvention
00000002                $TI_capability$C5500$MemoryModel
00000001                $TI_capability_requires_rev3
            00008000    .bss
            00008000    .data
00000100                .text
00004cc1                C$$EXIT
000043a7                C$$IO$$
00004c75                I$$LMPY
00004bfa                I$$UDIV
00004c0f                I$$UMOD
0000176e                _AIC3204_config
00001701                _AIC3204_rget
0000174c                _AIC3204_rset
00003a13                _Get_Sar_Key
0000278a                _HOSTclock
0000271f                _HOSTclose
0000266a                _HOSTlseek
000025cb                _HOSTopen
0000253e                _HOSTread
00002490                _HOSTrename
00002432                _HOSTtime
000023c8                _HOSTunlink
0000233b                _HOSTwrite
0000398a                _Init_SAR
            00008000    _N_sample
            00008001    _N_table
000016a4                _OSD9616_send
000039a2                _Read_GPAIN1
00ffff00                _Reset
00003d7d                _USBSTK5515_GPIO_getInput
00003c7f                _USBSTK5515_GPIO_init
00003c83                _USBSTK5515_GPIO_setDirection
00003d00                _USBSTK5515_GPIO_setOutput
00003f40                _USBSTK5515_I2C_close
00003f21                _USBSTK5515_I2C_init
00003fe6                _USBSTK5515_I2C_read
00003f49                _USBSTK5515_I2C_reset
00003f57                _USBSTK5515_I2C_write
00004996                _USBSTK5515_init
00004950                _USBSTK5515_wait
00004984                _USBSTK5515_waitusec
            00002d50    __CIOBUF_
            00002f70    __STACK_END
00000200                __STACK_SIZE
00000400                __SYSMEM_SIZE
00000200                __SYSSTACK_SIZE
00000001                __TI_args_main
ffffffff                ___binit__
            00008000    ___bss__
ffffffff                ___c_args__
            00002665    ___cinit__
            00008000    ___data__
            00008000    ___edata__
            0000857e    ___end__
00004cca                ___etext__
00004c47                ___isinf
ffffffff                ___pinit__
00000100                ___text__
00003546                __addd
00004a41                __args_main
0000318a                __cleanup
            00008574    __cleanup_ptr
00003932                __cmpd
            00002c0a    __ctypes_
00002c9d                __divd
00004ad7                __divli
00003511                __divlli
00004bfa                __divu
00004452                __divul
0000341d                __divull
00004230                __doflush
            00008576    __dtors_ptr
000038fe                __eqld
00004bd0                __fixdi
00004746                __fixdli
00004caa                __fltid
0000488d                __fltlid
000045eb                __frcmpyd
00004661                __frcmpyd_div
            00008426    __ft_end
            0000830e    __ftable
000038b4                __geqd
00003869                __gtrd
0000381c                __leqd
            00008570    __lock
000037d4                __lssd
00003dd5                __mpyd
00004c75                __mpyli
00003365                __mpylli
00004c9a                __negd
000037a0                __neqd
00004c98                __nop
00001462                __printfi
000041d3                __rd_ok
00004c90                __register_lock
00004c88                __register_unlock
00004a8c                __remli
00003336                __remlli
00004c0f                __remu
000046d4                __remul
000032e8                __remull
            00002e70    __stack
00004c61                __subd
            00002a0a    __sys_memory
            00002f70    __sysstack
            00008386    __tmpnams
            00008572    __unlock
00004153                __wrt_ok
00004cc0                _abort
000021d0                _add_device
000048f4                _atoi
000049f4                _auto_init
00004b9c                _c_int00
00002c77                _calloc
00001a71                _cap
00002c6f                _chkheap
0000215d                _close
00004b5e                _exit
00004570                _fclose
00004299                _fflush
00002154                _find_registered_device
000032ad                _fopen
000043ac                _fputc
00003b1c                _fputs
000027e8                _free
00002c19                _free_memory
000031e4                _freopen
00004822                _fseek
000022c0                _getenv
            0000800c    _i
            0000857c    _i2c_timeout
            0000800d    _j
            00008579    _keyCnt1
            0000857a    _keyCnt2
000020ee                _lseek
000044f3                _ltoa
00001ae8                _main
00002919                _malloc
00002bbf                _max_free
00004c24                _memccpy
00004b1f                _memcpy
000028b4                _minit
0000202f                _open
            00008578    _preKey
000016c4                _printLetter
000049a4                _printf
000043ac                _putc
00004443                _putchar
00003c51                _puts
00001f81                _read
000047b5                _readmsg
00002a0e                _realloc
00004cb6                _remove
00001f4b                _remove_device
00001ef2                _rename
            00008002    _sample_skip
0000406d                _setvbuf
00001ac6                _sign
            0000800e    _sinetable
00001ebf                _unlink
00001d7d                _write
000042f2                _writemsg
ffffffff                binit
            00002665    cinit
            00008000    edata
            0000857e    end
00004cca                etext
ffffffff                pinit


GLOBAL SYMBOLS: SORTED BY Symbol Address 

abs. value/
byte addr   word addr   name
---------   ---------   ----
00000001                $TI_capability_requires_rev3
00000001                __TI_args_main
00000002                $TI_capability$C5500$CallingConvention
00000002                $TI_capability$C5500$MemoryModel
00000100                .text
00000100                ___text__
00000200                __STACK_SIZE
00000200                __SYSSTACK_SIZE
00000400                __SYSMEM_SIZE
00001462                __printfi
000016a4                _OSD9616_send
000016c4                _printLetter
00001701                _AIC3204_rget
0000174c                _AIC3204_rset
0000176e                _AIC3204_config
00001a71                _cap
00001ac6                _sign
00001ae8                _main
00001d7d                _write
00001ebf                _unlink
00001ef2                _rename
00001f4b                _remove_device
00001f81                _read
0000202f                _open
000020ee                _lseek
00002154                _find_registered_device
0000215d                _close
000021d0                _add_device
000022c0                _getenv
0000233b                _HOSTwrite
000023c8                _HOSTunlink
00002432                _HOSTtime
00002490                _HOSTrename
0000253e                _HOSTread
000025cb                _HOSTopen
0000266a                _HOSTlseek
0000271f                _HOSTclose
0000278a                _HOSTclock
000027e8                _free
000028b4                _minit
00002919                _malloc
00002a0e                _realloc
00002bbf                _max_free
00002c19                _free_memory
00002c6f                _chkheap
00002c77                _calloc
00002c9d                __divd
0000318a                __cleanup
000031e4                _freopen
000032ad                _fopen
000032e8                __remull
00003336                __remlli
00003365                __mpylli
0000341d                __divull
00003511                __divlli
00003546                __addd
000037a0                __neqd
000037d4                __lssd
0000381c                __leqd
00003869                __gtrd
000038b4                __geqd
000038fe                __eqld
00003932                __cmpd
0000398a                _Init_SAR
000039a2                _Read_GPAIN1
00003a13                _Get_Sar_Key
00003b1c                _fputs
00003c51                _puts
00003c7f                _USBSTK5515_GPIO_init
00003c83                _USBSTK5515_GPIO_setDirection
00003d00                _USBSTK5515_GPIO_setOutput
00003d7d                _USBSTK5515_GPIO_getInput
00003dd5                __mpyd
00003f21                _USBSTK5515_I2C_init
00003f40                _USBSTK5515_I2C_close
00003f49                _USBSTK5515_I2C_reset
00003f57                _USBSTK5515_I2C_write
00003fe6                _USBSTK5515_I2C_read
0000406d                _setvbuf
00004153                __wrt_ok
000041d3                __rd_ok
00004230                __doflush
00004299                _fflush
000042f2                _writemsg
000043a7                C$$IO$$
000043ac                _fputc
000043ac                _putc
00004443                _putchar
00004452                __divul
000044f3                _ltoa
00004570                _fclose
000045eb                __frcmpyd
00004661                __frcmpyd_div
000046d4                __remul
00004746                __fixdli
000047b5                _readmsg
00004822                _fseek
0000488d                __fltlid
000048f4                _atoi
00004950                _USBSTK5515_wait
00004984                _USBSTK5515_waitusec
00004996                _USBSTK5515_init
000049a4                _printf
000049f4                _auto_init
00004a41                __args_main
00004a8c                __remli
00004ad7                __divli
00004b1f                _memcpy
00004b5e                _exit
00004b9c                _c_int00
00004bd0                __fixdi
00004bfa                I$$UDIV
00004bfa                __divu
00004c0f                I$$UMOD
00004c0f                __remu
00004c24                _memccpy
00004c47                ___isinf
00004c61                __subd
00004c75                I$$LMPY
00004c75                __mpyli
00004c88                __register_unlock
00004c90                __register_lock
00004c98                __nop
00004c9a                __negd
00004caa                __fltid
00004cb6                _remove
00004cc0                _abort
00004cc1                C$$EXIT
            00002665    ___cinit__
00004cca                ___etext__
            00002665    cinit
00004cca                etext
            00002a0a    __sys_memory
            00002c0a    __ctypes_
            00002d50    __CIOBUF_
            00002e70    __stack
            00002f70    __STACK_END
            00002f70    __sysstack
            00008000    .bss
            00008000    .data
            00008000    _N_sample
            00008000    ___bss__
            00008000    ___data__
            00008000    ___edata__
            00008000    edata
            00008001    _N_table
            00008002    _sample_skip
            0000800c    _i
            0000800d    _j
            0000800e    _sinetable
            0000830e    __ftable
            00008386    __tmpnams
            00008426    __ft_end
            00008570    __lock
            00008572    __unlock
            00008574    __cleanup_ptr
            00008576    __dtors_ptr
            00008578    _preKey
            00008579    _keyCnt1
            0000857a    _keyCnt2
            0000857c    _i2c_timeout
            0000857e    ___end__
            0000857e    end
00ffff00                _Reset
ffffffff                ___binit__
ffffffff                ___c_args__
ffffffff                ___pinit__
ffffffff                binit
ffffffff                pinit

[169 symbols]
