<?xml version="1.0"?>
<link_info>
   <banner>TMS320C55x Linker PC v4.4.1</banner>
   <copyright>Copyright (c) 1996-2012 Texas Instruments Incorporated</copyright>
   <link_time>0x62bad735</link_time>
   <output_file>lookup.out</output_file>
   <entry_point>
      <name>_c_int00</name>
      <address>0x4b9c</address>
   </entry_point>
   <input_file_list>
      <input_file id="fl-2">
         <path>.\</path>
         <kind>object</kind>
         <file>main.obj</file>
         <name>main.obj</name>
      </input_file>
      <input_file id="fl-3">
         <path>.\</path>
         <kind>object</kind>
         <file>sar.obj</file>
         <name>sar.obj</name>
      </input_file>
      <input_file id="fl-4">
         <path>.\</path>
         <kind>object</kind>
         <file>usbstk5515.obj</file>
         <name>usbstk5515.obj</name>
      </input_file>
      <input_file id="fl-5">
         <path>.\</path>
         <kind>object</kind>
         <file>usbstk5515_gpio.obj</file>
         <name>usbstk5515_gpio.obj</name>
      </input_file>
      <input_file id="fl-6">
         <path>.\</path>
         <kind>object</kind>
         <file>usbstk5515_i2c.obj</file>
         <name>usbstk5515_i2c.obj</name>
      </input_file>
      <input_file id="fl-1c">
         <path>C:\ti\ccs1120\ccs\tools\compiler\c5500_4.4.1\lib\</path>
         <kind>archive</kind>
         <file>rts55x.lib</file>
         <name>addd.obj</name>
      </input_file>
      <input_file id="fl-1d">
         <path>C:\ti\ccs1120\ccs\tools\compiler\c5500_4.4.1\lib\</path>
         <kind>archive</kind>
         <file>rts55x.lib</file>
         <name>boot.obj</name>
      </input_file>
      <input_file id="fl-1e">
         <path>C:\ti\ccs1120\ccs\tools\compiler\c5500_4.4.1\lib\</path>
         <kind>archive</kind>
         <file>rts55x.lib</file>
         <name>divli.obj</name>
      </input_file>
      <input_file id="fl-1f">
         <path>C:\ti\ccs1120\ccs\tools\compiler\c5500_4.4.1\lib\</path>
         <kind>archive</kind>
         <file>rts55x.lib</file>
         <name>divul.obj</name>
      </input_file>
      <input_file id="fl-20">
         <path>C:\ti\ccs1120\ccs\tools\compiler\c5500_4.4.1\lib\</path>
         <kind>archive</kind>
         <file>rts55x.lib</file>
         <name>exit.obj</name>
      </input_file>
      <input_file id="fl-21">
         <path>C:\ti\ccs1120\ccs\tools\compiler\c5500_4.4.1\lib\</path>
         <kind>archive</kind>
         <file>rts55x.lib</file>
         <name>fixdi.obj</name>
      </input_file>
      <input_file id="fl-22">
         <path>C:\ti\ccs1120\ccs\tools\compiler\c5500_4.4.1\lib\</path>
         <kind>archive</kind>
         <file>rts55x.lib</file>
         <name>fixdli.obj</name>
      </input_file>
      <input_file id="fl-23">
         <path>C:\ti\ccs1120\ccs\tools\compiler\c5500_4.4.1\lib\</path>
         <kind>archive</kind>
         <file>rts55x.lib</file>
         <name>fltid.obj</name>
      </input_file>
      <input_file id="fl-24">
         <path>C:\ti\ccs1120\ccs\tools\compiler\c5500_4.4.1\lib\</path>
         <kind>archive</kind>
         <file>rts55x.lib</file>
         <name>fltlid.obj</name>
      </input_file>
      <input_file id="fl-25">
         <path>C:\ti\ccs1120\ccs\tools\compiler\c5500_4.4.1\lib\</path>
         <kind>archive</kind>
         <file>rts55x.lib</file>
         <name>lmpy.obj</name>
      </input_file>
      <input_file id="fl-26">
         <path>C:\ti\ccs1120\ccs\tools\compiler\c5500_4.4.1\lib\</path>
         <kind>archive</kind>
         <file>rts55x.lib</file>
         <name>printf.obj</name>
      </input_file>
      <input_file id="fl-27">
         <path>C:\ti\ccs1120\ccs\tools\compiler\c5500_4.4.1\lib\</path>
         <kind>archive</kind>
         <file>rts55x.lib</file>
         <name>vectors.obj</name>
      </input_file>
      <input_file id="fl-28">
         <path>C:\ti\ccs1120\ccs\tools\compiler\c5500_4.4.1\lib\</path>
         <kind>archive</kind>
         <file>rts55x.lib</file>
         <name>_lock.obj</name>
      </input_file>
      <input_file id="fl-29">
         <path>C:\ti\ccs1120\ccs\tools\compiler\c5500_4.4.1\lib\</path>
         <kind>archive</kind>
         <file>rts55x.lib</file>
         <name>_printfi.obj</name>
      </input_file>
      <input_file id="fl-2a">
         <path>C:\ti\ccs1120\ccs\tools\compiler\c5500_4.4.1\lib\</path>
         <kind>archive</kind>
         <file>rts55x.lib</file>
         <name>args_main.obj</name>
      </input_file>
      <input_file id="fl-2b">
         <path>C:\ti\ccs1120\ccs\tools\compiler\c5500_4.4.1\lib\</path>
         <kind>archive</kind>
         <file>rts55x.lib</file>
         <name>atoi.obj</name>
      </input_file>
      <input_file id="fl-2c">
         <path>C:\ti\ccs1120\ccs\tools\compiler\c5500_4.4.1\lib\</path>
         <kind>archive</kind>
         <file>rts55x.lib</file>
         <name>autoinit.obj</name>
      </input_file>
      <input_file id="fl-2d">
         <path>C:\ti\ccs1120\ccs\tools\compiler\c5500_4.4.1\lib\</path>
         <kind>archive</kind>
         <file>rts55x.lib</file>
         <name>cmpd.obj</name>
      </input_file>
      <input_file id="fl-2e">
         <path>C:\ti\ccs1120\ccs\tools\compiler\c5500_4.4.1\lib\</path>
         <kind>archive</kind>
         <file>rts55x.lib</file>
         <name>ctype.obj</name>
      </input_file>
      <input_file id="fl-2f">
         <path>C:\ti\ccs1120\ccs\tools\compiler\c5500_4.4.1\lib\</path>
         <kind>archive</kind>
         <file>rts55x.lib</file>
         <name>defs.obj</name>
      </input_file>
      <input_file id="fl-30">
         <path>C:\ti\ccs1120\ccs\tools\compiler\c5500_4.4.1\lib\</path>
         <kind>archive</kind>
         <file>rts55x.lib</file>
         <name>divd.obj</name>
      </input_file>
      <input_file id="fl-31">
         <path>C:\ti\ccs1120\ccs\tools\compiler\c5500_4.4.1\lib\</path>
         <kind>archive</kind>
         <file>rts55x.lib</file>
         <name>fputc.obj</name>
      </input_file>
      <input_file id="fl-32">
         <path>C:\ti\ccs1120\ccs\tools\compiler\c5500_4.4.1\lib\</path>
         <kind>archive</kind>
         <file>rts55x.lib</file>
         <name>fputs.obj</name>
      </input_file>
      <input_file id="fl-33">
         <path>C:\ti\ccs1120\ccs\tools\compiler\c5500_4.4.1\lib\</path>
         <kind>archive</kind>
         <file>rts55x.lib</file>
         <name>frcmpyd_div.obj</name>
      </input_file>
      <input_file id="fl-34">
         <path>C:\ti\ccs1120\ccs\tools\compiler\c5500_4.4.1\lib\</path>
         <kind>archive</kind>
         <file>rts55x.lib</file>
         <name>isinf.obj</name>
      </input_file>
      <input_file id="fl-35">
         <path>C:\ti\ccs1120\ccs\tools\compiler\c5500_4.4.1\lib\</path>
         <kind>archive</kind>
         <file>rts55x.lib</file>
         <name>llmpy.obj</name>
      </input_file>
      <input_file id="fl-36">
         <path>C:\ti\ccs1120\ccs\tools\compiler\c5500_4.4.1\lib\</path>
         <kind>archive</kind>
         <file>rts55x.lib</file>
         <name>lowlev.obj</name>
      </input_file>
      <input_file id="fl-37">
         <path>C:\ti\ccs1120\ccs\tools\compiler\c5500_4.4.1\lib\</path>
         <kind>archive</kind>
         <file>rts55x.lib</file>
         <name>ltoa.obj</name>
      </input_file>
      <input_file id="fl-38">
         <path>C:\ti\ccs1120\ccs\tools\compiler\c5500_4.4.1\lib\</path>
         <kind>archive</kind>
         <file>rts55x.lib</file>
         <name>memccpy.obj</name>
      </input_file>
      <input_file id="fl-39">
         <path>C:\ti\ccs1120\ccs\tools\compiler\c5500_4.4.1\lib\</path>
         <kind>archive</kind>
         <file>rts55x.lib</file>
         <name>memcpy.obj</name>
      </input_file>
      <input_file id="fl-3a">
         <path>C:\ti\ccs1120\ccs\tools\compiler\c5500_4.4.1\lib\</path>
         <kind>archive</kind>
         <file>rts55x.lib</file>
         <name>mpyd.obj</name>
      </input_file>
      <input_file id="fl-3b">
         <path>C:\ti\ccs1120\ccs\tools\compiler\c5500_4.4.1\lib\</path>
         <kind>archive</kind>
         <file>rts55x.lib</file>
         <name>negd.obj</name>
      </input_file>
      <input_file id="fl-3c">
         <path>C:\ti\ccs1120\ccs\tools\compiler\c5500_4.4.1\lib\</path>
         <kind>archive</kind>
         <file>rts55x.lib</file>
         <name>remli.obj</name>
      </input_file>
      <input_file id="fl-3d">
         <path>C:\ti\ccs1120\ccs\tools\compiler\c5500_4.4.1\lib\</path>
         <kind>archive</kind>
         <file>rts55x.lib</file>
         <name>remul.obj</name>
      </input_file>
      <input_file id="fl-3e">
         <path>C:\ti\ccs1120\ccs\tools\compiler\c5500_4.4.1\lib\</path>
         <kind>archive</kind>
         <file>rts55x.lib</file>
         <name>subd.obj</name>
      </input_file>
      <input_file id="fl-3f">
         <path>C:\ti\ccs1120\ccs\tools\compiler\c5500_4.4.1\lib\</path>
         <kind>archive</kind>
         <file>rts55x.lib</file>
         <name>trgdrv.obj</name>
      </input_file>
      <input_file id="fl-40">
         <path>C:\ti\ccs1120\ccs\tools\compiler\c5500_4.4.1\lib\</path>
         <kind>archive</kind>
         <file>rts55x.lib</file>
         <name>trgmsg.obj</name>
      </input_file>
      <input_file id="fl-41">
         <path>C:\ti\ccs1120\ccs\tools\compiler\c5500_4.4.1\lib\</path>
         <kind>archive</kind>
         <file>rts55x.lib</file>
         <name>udiv.obj</name>
      </input_file>
      <input_file id="fl-42">
         <path>C:\ti\ccs1120\ccs\tools\compiler\c5500_4.4.1\lib\</path>
         <kind>archive</kind>
         <file>rts55x.lib</file>
         <name>_io_perm.obj</name>
      </input_file>
      <input_file id="fl-43">
         <path>C:\ti\ccs1120\ccs\tools\compiler\c5500_4.4.1\lib\</path>
         <kind>archive</kind>
         <file>rts55x.lib</file>
         <name>fflush.obj</name>
      </input_file>
      <input_file id="fl-44">
         <path>C:\ti\ccs1120\ccs\tools\compiler\c5500_4.4.1\lib\</path>
         <kind>archive</kind>
         <file>rts55x.lib</file>
         <name>frcmpyd.obj</name>
      </input_file>
      <input_file id="fl-45">
         <path>C:\ti\ccs1120\ccs\tools\compiler\c5500_4.4.1\lib\</path>
         <kind>archive</kind>
         <file>rts55x.lib</file>
         <name>fseek.obj</name>
      </input_file>
      <input_file id="fl-46">
         <path>C:\ti\ccs1120\ccs\tools\compiler\c5500_4.4.1\lib\</path>
         <kind>archive</kind>
         <file>rts55x.lib</file>
         <name>setvbuf.obj</name>
      </input_file>
      <input_file id="fl-47">
         <path>C:\ti\ccs1120\ccs\tools\compiler\c5500_4.4.1\lib\</path>
         <kind>archive</kind>
         <file>rts55x.lib</file>
         <name>fopen.obj</name>
      </input_file>
      <input_file id="fl-48">
         <path>C:\ti\ccs1120\ccs\tools\compiler\c5500_4.4.1\lib\</path>
         <kind>archive</kind>
         <file>rts55x.lib</file>
         <name>memory.obj</name>
      </input_file>
      <input_file id="fl-49">
         <path>C:\ti\ccs1120\ccs\tools\compiler\c5500_4.4.1\lib\</path>
         <kind>archive</kind>
         <file>rts55x.lib</file>
         <name>fclose.obj</name>
      </input_file>
      <input_file id="fl-4a">
         <path>C:\ti\ccs1120\ccs\tools\compiler\c5500_4.4.1\lib\</path>
         <kind>archive</kind>
         <file>rts55x.lib</file>
         <name>remove.obj</name>
      </input_file>
   </input_file_list>
   <object_component_list>
      <object_component id="oc-5f">
         <name>.text</name>
         <load_address>0x100</load_address>
         <run_address>0x100</run_address>
         <size>0x15a4</size>
         <input_file_ref idref="fl-29"/>
      </object_component>
      <object_component id="oc-3">
         <name>.text</name>
         <load_address>0x16a4</load_address>
         <run_address>0x16a4</run_address>
         <size>0x6d9</size>
         <input_file_ref idref="fl-2"/>
      </object_component>
      <object_component id="oc-94">
         <name>.text</name>
         <load_address>0x1d7d</load_address>
         <run_address>0x1d7d</run_address>
         <size>0x543</size>
         <input_file_ref idref="fl-36"/>
      </object_component>
      <object_component id="oc-ba">
         <name>.text</name>
         <load_address>0x22c0</load_address>
         <run_address>0x22c0</run_address>
         <size>0x528</size>
         <input_file_ref idref="fl-3f"/>
      </object_component>
      <object_component id="oc-e3">
         <name>.text</name>
         <load_address>0x27e8</load_address>
         <run_address>0x27e8</run_address>
         <size>0x4b5</size>
         <input_file_ref idref="fl-48"/>
      </object_component>
      <object_component id="oc-7b">
         <name>.text</name>
         <load_address>0x2c9d</load_address>
         <run_address>0x2c9d</run_address>
         <size>0x3cc</size>
         <input_file_ref idref="fl-30"/>
      </object_component>
      <object_component id="oc-dd">
         <name>.text</name>
         <load_address>0x3069</load_address>
         <run_address>0x3069</run_address>
         <size>0x27f</size>
         <input_file_ref idref="fl-47"/>
      </object_component>
      <object_component id="oc-90">
         <name>.text</name>
         <load_address>0x32e8</load_address>
         <run_address>0x32e8</run_address>
         <size>0x25e</size>
         <input_file_ref idref="fl-35"/>
      </object_component>
      <object_component id="oc-24">
         <name>.text</name>
         <load_address>0x3546</load_address>
         <run_address>0x3546</run_address>
         <size>0x25a</size>
         <input_file_ref idref="fl-1c"/>
      </object_component>
      <object_component id="oc-71">
         <name>.text</name>
         <load_address>0x37a0</load_address>
         <run_address>0x37a0</run_address>
         <size>0x1ea</size>
         <input_file_ref idref="fl-2d"/>
      </object_component>
      <object_component id="oc-c">
         <name>.text</name>
         <load_address>0x398a</load_address>
         <run_address>0x398a</run_address>
         <size>0x192</size>
         <input_file_ref idref="fl-3"/>
      </object_component>
      <object_component id="oc-83">
         <name>.text</name>
         <load_address>0x3b1c</load_address>
         <run_address>0x3b1c</run_address>
         <size>0x163</size>
         <input_file_ref idref="fl-32"/>
      </object_component>
      <object_component id="oc-18">
         <name>.text</name>
         <load_address>0x3c7f</load_address>
         <run_address>0x3c7f</run_address>
         <size>0x156</size>
         <input_file_ref idref="fl-5"/>
      </object_component>
      <object_component id="oc-a6">
         <name>.text</name>
         <load_address>0x3dd5</load_address>
         <run_address>0x3dd5</run_address>
         <size>0x14c</size>
         <input_file_ref idref="fl-3a"/>
      </object_component>
      <object_component id="oc-1d">
         <name>.text</name>
         <load_address>0x3f21</load_address>
         <run_address>0x3f21</run_address>
         <size>0x14c</size>
         <input_file_ref idref="fl-6"/>
      </object_component>
      <object_component id="oc-d9">
         <name>.text</name>
         <load_address>0x406d</load_address>
         <run_address>0x406d</run_address>
         <size>0xe6</size>
         <input_file_ref idref="fl-46"/>
      </object_component>
      <object_component id="oc-c9">
         <name>.text</name>
         <load_address>0x4153</load_address>
         <run_address>0x4153</run_address>
         <size>0xdd</size>
         <input_file_ref idref="fl-42"/>
      </object_component>
      <object_component id="oc-cd">
         <name>.text</name>
         <load_address>0x4230</load_address>
         <run_address>0x4230</run_address>
         <size>0xc2</size>
         <input_file_ref idref="fl-43"/>
      </object_component>
      <object_component id="oc-c2">
         <name>.text:CIO_breakpoint</name>
         <load_address>0x42f2</load_address>
         <run_address>0x42f2</run_address>
         <size>0xba</size>
         <input_file_ref idref="fl-40"/>
      </object_component>
      <object_component id="oc-7f">
         <name>.text</name>
         <load_address>0x43ac</load_address>
         <run_address>0x43ac</run_address>
         <size>0xa6</size>
         <input_file_ref idref="fl-31"/>
      </object_component>
      <object_component id="oc-30">
         <name>.text</name>
         <load_address>0x4452</load_address>
         <run_address>0x4452</run_address>
         <size>0xa1</size>
         <input_file_ref idref="fl-1f"/>
      </object_component>
      <object_component id="oc-9a">
         <name>.text</name>
         <load_address>0x44f3</load_address>
         <run_address>0x44f3</run_address>
         <size>0x7d</size>
         <input_file_ref idref="fl-37"/>
      </object_component>
      <object_component id="oc-ea">
         <name>.text</name>
         <load_address>0x4570</load_address>
         <run_address>0x4570</run_address>
         <size>0x7b</size>
         <input_file_ref idref="fl-49"/>
      </object_component>
      <object_component id="oc-d1">
         <name>.text</name>
         <load_address>0x45eb</load_address>
         <run_address>0x45eb</run_address>
         <size>0x76</size>
         <input_file_ref idref="fl-44"/>
      </object_component>
      <object_component id="oc-88">
         <name>.text</name>
         <load_address>0x4661</load_address>
         <run_address>0x4661</run_address>
         <size>0x73</size>
         <input_file_ref idref="fl-33"/>
      </object_component>
      <object_component id="oc-b2">
         <name>.text</name>
         <load_address>0x46d4</load_address>
         <run_address>0x46d4</run_address>
         <size>0x72</size>
         <input_file_ref idref="fl-3d"/>
      </object_component>
      <object_component id="oc-3f">
         <name>.text</name>
         <load_address>0x4746</load_address>
         <run_address>0x4746</run_address>
         <size>0x6f</size>
         <input_file_ref idref="fl-22"/>
      </object_component>
      <object_component id="oc-bf">
         <name>.text</name>
         <load_address>0x47b5</load_address>
         <run_address>0x47b5</run_address>
         <size>0x6d</size>
         <input_file_ref idref="fl-40"/>
      </object_component>
      <object_component id="oc-d5">
         <name>.text</name>
         <load_address>0x4822</load_address>
         <run_address>0x4822</run_address>
         <size>0x6b</size>
         <input_file_ref idref="fl-45"/>
      </object_component>
      <object_component id="oc-47">
         <name>.text</name>
         <load_address>0x488d</load_address>
         <run_address>0x488d</run_address>
         <size>0x67</size>
         <input_file_ref idref="fl-24"/>
      </object_component>
      <object_component id="oc-69">
         <name>.text</name>
         <load_address>0x48f4</load_address>
         <run_address>0x48f4</run_address>
         <size>0x5c</size>
         <input_file_ref idref="fl-2b"/>
      </object_component>
      <object_component id="oc-13">
         <name>.text</name>
         <load_address>0x4950</load_address>
         <run_address>0x4950</run_address>
         <size>0x54</size>
         <input_file_ref idref="fl-4"/>
      </object_component>
      <object_component id="oc-50">
         <name>.text</name>
         <load_address>0x49a4</load_address>
         <run_address>0x49a4</run_address>
         <size>0x50</size>
         <input_file_ref idref="fl-26"/>
      </object_component>
      <object_component id="oc-6d">
         <name>.text</name>
         <load_address>0x49f4</load_address>
         <run_address>0x49f4</run_address>
         <size>0x4d</size>
         <input_file_ref idref="fl-2c"/>
      </object_component>
      <object_component id="oc-65">
         <name>.text</name>
         <load_address>0x4a41</load_address>
         <run_address>0x4a41</run_address>
         <size>0x4b</size>
         <input_file_ref idref="fl-2a"/>
      </object_component>
      <object_component id="oc-ae">
         <name>.text</name>
         <load_address>0x4a8c</load_address>
         <run_address>0x4a8c</run_address>
         <size>0x4b</size>
         <input_file_ref idref="fl-3c"/>
      </object_component>
      <object_component id="oc-2c">
         <name>.text</name>
         <load_address>0x4ad7</load_address>
         <run_address>0x4ad7</run_address>
         <size>0x48</size>
         <input_file_ref idref="fl-1e"/>
      </object_component>
      <object_component id="oc-a2">
         <name>.text</name>
         <load_address>0x4b1f</load_address>
         <run_address>0x4b1f</run_address>
         <size>0x3f</size>
         <input_file_ref idref="fl-39"/>
      </object_component>
      <object_component id="oc-34">
         <name>.text</name>
         <load_address>0x4b5e</load_address>
         <run_address>0x4b5e</run_address>
         <size>0x3e</size>
         <input_file_ref idref="fl-20"/>
      </object_component>
      <object_component id="oc-2">
         <name>.text</name>
         <load_address>0x4b9c</load_address>
         <run_address>0x4b9c</run_address>
         <size>0x34</size>
         <input_file_ref idref="fl-1d"/>
      </object_component>
      <object_component id="oc-3b">
         <name>.text</name>
         <load_address>0x4bd0</load_address>
         <run_address>0x4bd0</run_address>
         <size>0x2a</size>
         <input_file_ref idref="fl-21"/>
      </object_component>
      <object_component id="oc-c5">
         <name>.text</name>
         <load_address>0x4bfa</load_address>
         <run_address>0x4bfa</run_address>
         <size>0x2a</size>
         <input_file_ref idref="fl-41"/>
      </object_component>
      <object_component id="oc-9e">
         <name>.text</name>
         <load_address>0x4c24</load_address>
         <run_address>0x4c24</run_address>
         <size>0x23</size>
         <input_file_ref idref="fl-38"/>
      </object_component>
      <object_component id="oc-8c">
         <name>.text</name>
         <load_address>0x4c47</load_address>
         <run_address>0x4c47</run_address>
         <size>0x1a</size>
         <input_file_ref idref="fl-34"/>
      </object_component>
      <object_component id="oc-b6">
         <name>.text</name>
         <load_address>0x4c61</load_address>
         <run_address>0x4c61</run_address>
         <size>0x14</size>
         <input_file_ref idref="fl-3e"/>
      </object_component>
      <object_component id="oc-4c">
         <name>.text</name>
         <load_address>0x4c75</load_address>
         <run_address>0x4c75</run_address>
         <size>0x13</size>
         <input_file_ref idref="fl-25"/>
      </object_component>
      <object_component id="oc-59">
         <name>.text</name>
         <load_address>0x4c88</load_address>
         <run_address>0x4c88</run_address>
         <size>0x12</size>
         <input_file_ref idref="fl-28"/>
      </object_component>
      <object_component id="oc-aa">
         <name>.text</name>
         <load_address>0x4c9a</load_address>
         <run_address>0x4c9a</run_address>
         <size>0x10</size>
         <input_file_ref idref="fl-3b"/>
      </object_component>
      <object_component id="oc-43">
         <name>.text</name>
         <load_address>0x4caa</load_address>
         <run_address>0x4caa</run_address>
         <size>0xc</size>
         <input_file_ref idref="fl-23"/>
      </object_component>
      <object_component id="oc-ee">
         <name>.text</name>
         <load_address>0x4cb6</load_address>
         <run_address>0x4cb6</run_address>
         <size>0xa</size>
         <input_file_ref idref="fl-4a"/>
      </object_component>
      <object_component id="oc-38">
         <name>.text:CIO_breakpoint</name>
         <load_address>0x4cc0</load_address>
         <run_address>0x4cc0</run_address>
         <size>0x7</size>
         <input_file_ref idref="fl-20"/>
      </object_component>
      <object_component id="oc-54">
         <name>.text</name>
         <load_address>0x4cc7</load_address>
         <run_address>0x4cc7</run_address>
         <size>0x2</size>
         <input_file_ref idref="fl-27"/>
      </object_component>
      <object_component id="oc-4">
         <name>.bss</name>
         <uninitialized>true</uninitialized>
         <run_address>0x10000</run_address>
         <size>0x61c</size>
         <input_file_ref idref="fl-2"/>
      </object_component>
      <object_component id="oc-d">
         <name>.bss</name>
         <uninitialized>true</uninitialized>
         <run_address>0x10af0</run_address>
         <size>0x6</size>
         <input_file_ref idref="fl-3"/>
      </object_component>
      <object_component id="oc-1e">
         <name>.bss</name>
         <uninitialized>true</uninitialized>
         <run_address>0x10af8</run_address>
         <size>0x4</size>
         <input_file_ref idref="fl-6"/>
      </object_component>
      <object_component id="oc-35">
         <name>.bss</name>
         <uninitialized>true</uninitialized>
         <run_address>0x10ae8</run_address>
         <size>0x8</size>
         <input_file_ref idref="fl-20"/>
      </object_component>
      <object_component id="oc-5a">
         <name>.bss</name>
         <uninitialized>true</uninitialized>
         <run_address>0x10ae0</run_address>
         <size>0x8</size>
         <input_file_ref idref="fl-28"/>
      </object_component>
      <object_component id="oc-77">
         <name>.bss</name>
         <uninitialized>true</uninitialized>
         <run_address>0x1061c</run_address>
         <size>0x232</size>
         <input_file_ref idref="fl-2f"/>
      </object_component>
      <object_component id="oc-95">
         <name>.bss</name>
         <uninitialized>true</uninitialized>
         <run_address>0x109f0</run_address>
         <size>0xe2</size>
         <input_file_ref idref="fl-36"/>
      </object_component>
      <object_component id="oc-bb">
         <name>.bss</name>
         <uninitialized>true</uninitialized>
         <run_address>0x1084e</run_address>
         <size>0x1a0</size>
         <input_file_ref idref="fl-3f"/>
      </object_component>
      <object_component id="oc-de">
         <name>.bss</name>
         <uninitialized>true</uninitialized>
         <run_address>0x109ee</run_address>
         <size>0x2</size>
         <input_file_ref idref="fl-47"/>
      </object_component>
      <object_component id="oc-e4">
         <name>.bss</name>
         <uninitialized>true</uninitialized>
         <run_address>0x10ad4</run_address>
         <size>0xc</size>
         <input_file_ref idref="fl-48"/>
      </object_component>
      <object_component id="oc-55">
         <name>vectors</name>
         <load_address>0xffff00</load_address>
         <run_address>0xffff00</run_address>
         <size>0x100</size>
         <input_file_ref idref="fl-27"/>
      </object_component>
      <object_component id="oc-6">
         <name>.cinit</name>
         <load_address>0x4cca</load_address>
         <run_address>0x4cca</run_address>
         <size>0x640</size>
         <input_file_ref idref="fl-2"/>
      </object_component>
      <object_component id="oc-97">
         <name>.cinit</name>
         <load_address>0x530a</load_address>
         <run_address>0x530a</run_address>
         <size>0x5a</size>
         <input_file_ref idref="fl-36"/>
      </object_component>
      <object_component id="oc-79">
         <name>.cinit</name>
         <load_address>0x5364</load_address>
         <run_address>0x5364</run_address>
         <size>0x54</size>
         <input_file_ref idref="fl-2f"/>
      </object_component>
      <object_component id="oc-f">
         <name>.cinit</name>
         <load_address>0x53b8</load_address>
         <run_address>0x53b8</run_address>
         <size>0x18</size>
         <input_file_ref idref="fl-3"/>
      </object_component>
      <object_component id="oc-5c">
         <name>.cinit</name>
         <load_address>0x53d0</load_address>
         <run_address>0x53d0</run_address>
         <size>0x14</size>
         <input_file_ref idref="fl-28"/>
      </object_component>
      <object_component id="oc-37">
         <name>.cinit</name>
         <load_address>0x53e4</load_address>
         <run_address>0x53e4</run_address>
         <size>0x14</size>
         <input_file_ref idref="fl-20"/>
      </object_component>
      <object_component id="oc-20">
         <name>.cinit</name>
         <load_address>0x53f8</load_address>
         <run_address>0x53f8</run_address>
         <size>0xa</size>
         <input_file_ref idref="fl-6"/>
      </object_component>
      <object_component id="oc-e0">
         <name>.cinit</name>
         <load_address>0x5402</load_address>
         <run_address>0x5402</run_address>
         <size>0x8</size>
         <input_file_ref idref="fl-47"/>
      </object_component>
      <object_component id="oc-e6">
         <name>.cinit</name>
         <load_address>0x540a</load_address>
         <run_address>0x540a</run_address>
         <size>0x8</size>
         <input_file_ref idref="fl-48"/>
      </object_component>
      <object_component id="oc-5">
         <name>.debug_info</name>
         <load_address>0x0</load_address>
         <run_address>0x0</run_address>
         <size>0x191f</size>
         <input_file_ref idref="fl-2"/>
      </object_component>
      <object_component id="oc-e">
         <name>.debug_info</name>
         <load_address>0x191f</load_address>
         <run_address>0x191f</run_address>
         <size>0x86f</size>
         <input_file_ref idref="fl-3"/>
      </object_component>
      <object_component id="oc-14">
         <name>.debug_info</name>
         <load_address>0x218e</load_address>
         <run_address>0x218e</run_address>
         <size>0x6a1</size>
         <input_file_ref idref="fl-4"/>
      </object_component>
      <object_component id="oc-19">
         <name>.debug_info</name>
         <load_address>0x282f</load_address>
         <run_address>0x282f</run_address>
         <size>0x833</size>
         <input_file_ref idref="fl-5"/>
      </object_component>
      <object_component id="oc-1f">
         <name>.debug_info</name>
         <load_address>0x3062</load_address>
         <run_address>0x3062</run_address>
         <size>0xbca</size>
         <input_file_ref idref="fl-6"/>
      </object_component>
      <object_component id="oc-25">
         <name>.debug_info</name>
         <load_address>0x3c2c</load_address>
         <run_address>0x3c2c</run_address>
         <size>0x5ab</size>
         <input_file_ref idref="fl-1c"/>
      </object_component>
      <object_component id="oc-29">
         <name>.debug_info</name>
         <load_address>0x41d7</load_address>
         <run_address>0x41d7</run_address>
         <size>0xe8</size>
         <input_file_ref idref="fl-1d"/>
      </object_component>
      <object_component id="oc-2d">
         <name>.debug_info</name>
         <load_address>0x42bf</load_address>
         <run_address>0x42bf</run_address>
         <size>0x4f2</size>
         <input_file_ref idref="fl-1e"/>
      </object_component>
      <object_component id="oc-31">
         <name>.debug_info</name>
         <load_address>0x47b1</load_address>
         <run_address>0x47b1</run_address>
         <size>0x534</size>
         <input_file_ref idref="fl-1f"/>
      </object_component>
      <object_component id="oc-36">
         <name>.debug_info</name>
         <load_address>0x4ce5</load_address>
         <run_address>0x4ce5</run_address>
         <size>0x5fb</size>
         <input_file_ref idref="fl-20"/>
      </object_component>
      <object_component id="oc-3c">
         <name>.debug_info</name>
         <load_address>0x52e0</load_address>
         <run_address>0x52e0</run_address>
         <size>0x4cf</size>
         <input_file_ref idref="fl-21"/>
      </object_component>
      <object_component id="oc-40">
         <name>.debug_info</name>
         <load_address>0x57af</load_address>
         <run_address>0x57af</run_address>
         <size>0x534</size>
         <input_file_ref idref="fl-22"/>
      </object_component>
      <object_component id="oc-44">
         <name>.debug_info</name>
         <load_address>0x5ce3</load_address>
         <run_address>0x5ce3</run_address>
         <size>0x4cf</size>
         <input_file_ref idref="fl-23"/>
      </object_component>
      <object_component id="oc-48">
         <name>.debug_info</name>
         <load_address>0x61b2</load_address>
         <run_address>0x61b2</run_address>
         <size>0x549</size>
         <input_file_ref idref="fl-24"/>
      </object_component>
      <object_component id="oc-4d">
         <name>.debug_info</name>
         <load_address>0x66fb</load_address>
         <run_address>0x66fb</run_address>
         <size>0xbd</size>
         <input_file_ref idref="fl-25"/>
      </object_component>
      <object_component id="oc-51">
         <name>.debug_info</name>
         <load_address>0x67b8</load_address>
         <run_address>0x67b8</run_address>
         <size>0x76c</size>
         <input_file_ref idref="fl-26"/>
      </object_component>
      <object_component id="oc-56">
         <name>.debug_info</name>
         <load_address>0x6f24</load_address>
         <run_address>0x6f24</run_address>
         <size>0xbc</size>
         <input_file_ref idref="fl-27"/>
      </object_component>
      <object_component id="oc-5b">
         <name>.debug_info</name>
         <load_address>0x6fe0</load_address>
         <run_address>0x6fe0</run_address>
         <size>0x5bc</size>
         <input_file_ref idref="fl-28"/>
      </object_component>
      <object_component id="oc-60">
         <name>.debug_info</name>
         <load_address>0x759c</load_address>
         <run_address>0x759c</run_address>
         <size>0x27bd</size>
         <input_file_ref idref="fl-29"/>
      </object_component>
      <object_component id="oc-66">
         <name>.debug_info</name>
         <load_address>0x9d59</load_address>
         <run_address>0x9d59</run_address>
         <size>0x586</size>
         <input_file_ref idref="fl-2a"/>
      </object_component>
      <object_component id="oc-6a">
         <name>.debug_info</name>
         <load_address>0xa2df</load_address>
         <run_address>0xa2df</run_address>
         <size>0x5a4</size>
         <input_file_ref idref="fl-2b"/>
      </object_component>
      <object_component id="oc-6e">
         <name>.debug_info</name>
         <load_address>0xa883</load_address>
         <run_address>0xa883</run_address>
         <size>0xcd</size>
         <input_file_ref idref="fl-2c"/>
      </object_component>
      <object_component id="oc-72">
         <name>.debug_info</name>
         <load_address>0xa950</load_address>
         <run_address>0xa950</run_address>
         <size>0x81f</size>
         <input_file_ref idref="fl-2d"/>
      </object_component>
      <object_component id="oc-75">
         <name>.debug_info</name>
         <load_address>0xb16f</load_address>
         <run_address>0xb16f</run_address>
         <size>0x498</size>
         <input_file_ref idref="fl-2e"/>
      </object_component>
      <object_component id="oc-78">
         <name>.debug_info</name>
         <load_address>0xb607</load_address>
         <run_address>0xb607</run_address>
         <size>0x57e</size>
         <input_file_ref idref="fl-2f"/>
      </object_component>
      <object_component id="oc-7c">
         <name>.debug_info</name>
         <load_address>0xbb85</load_address>
         <run_address>0xbb85</run_address>
         <size>0x7e8</size>
         <input_file_ref idref="fl-30"/>
      </object_component>
      <object_component id="oc-80">
         <name>.debug_info</name>
         <load_address>0xc36d</load_address>
         <run_address>0xc36d</run_address>
         <size>0x6aa</size>
         <input_file_ref idref="fl-31"/>
      </object_component>
      <object_component id="oc-84">
         <name>.debug_info</name>
         <load_address>0xca17</load_address>
         <run_address>0xca17</run_address>
         <size>0x942</size>
         <input_file_ref idref="fl-32"/>
      </object_component>
      <object_component id="oc-89">
         <name>.debug_info</name>
         <load_address>0xd359</load_address>
         <run_address>0xd359</run_address>
         <size>0x53e</size>
         <input_file_ref idref="fl-33"/>
      </object_component>
      <object_component id="oc-8d">
         <name>.debug_info</name>
         <load_address>0xd897</load_address>
         <run_address>0xd897</run_address>
         <size>0x680</size>
         <input_file_ref idref="fl-34"/>
      </object_component>
      <object_component id="oc-91">
         <name>.debug_info</name>
         <load_address>0xdf17</load_address>
         <run_address>0xdf17</run_address>
         <size>0x7d4</size>
         <input_file_ref idref="fl-35"/>
      </object_component>
      <object_component id="oc-96">
         <name>.debug_info</name>
         <load_address>0xe6eb</load_address>
         <run_address>0xe6eb</run_address>
         <size>0x144b</size>
         <input_file_ref idref="fl-36"/>
      </object_component>
      <object_component id="oc-9b">
         <name>.debug_info</name>
         <load_address>0xfb36</load_address>
         <run_address>0xfb36</run_address>
         <size>0x5ad</size>
         <input_file_ref idref="fl-37"/>
      </object_component>
      <object_component id="oc-9f">
         <name>.debug_info</name>
         <load_address>0x100e3</load_address>
         <run_address>0x100e3</run_address>
         <size>0x574</size>
         <input_file_ref idref="fl-38"/>
      </object_component>
      <object_component id="oc-a3">
         <name>.debug_info</name>
         <load_address>0x10657</load_address>
         <run_address>0x10657</run_address>
         <size>0xd1</size>
         <input_file_ref idref="fl-39"/>
      </object_component>
      <object_component id="oc-a7">
         <name>.debug_info</name>
         <load_address>0x10728</load_address>
         <run_address>0x10728</run_address>
         <size>0x55b</size>
         <input_file_ref idref="fl-3a"/>
      </object_component>
      <object_component id="oc-ab">
         <name>.debug_info</name>
         <load_address>0x10c83</load_address>
         <run_address>0x10c83</run_address>
         <size>0x4b7</size>
         <input_file_ref idref="fl-3b"/>
      </object_component>
      <object_component id="oc-af">
         <name>.debug_info</name>
         <load_address>0x1113a</load_address>
         <run_address>0x1113a</run_address>
         <size>0x4f2</size>
         <input_file_ref idref="fl-3c"/>
      </object_component>
      <object_component id="oc-b3">
         <name>.debug_info</name>
         <load_address>0x1162c</load_address>
         <run_address>0x1162c</run_address>
         <size>0x534</size>
         <input_file_ref idref="fl-3d"/>
      </object_component>
      <object_component id="oc-b7">
         <name>.debug_info</name>
         <load_address>0x11b60</load_address>
         <run_address>0x11b60</run_address>
         <size>0x4de</size>
         <input_file_ref idref="fl-3e"/>
      </object_component>
      <object_component id="oc-bc">
         <name>.debug_info</name>
         <load_address>0x1203e</load_address>
         <run_address>0x1203e</run_address>
         <size>0xed4</size>
         <input_file_ref idref="fl-3f"/>
      </object_component>
      <object_component id="oc-c0">
         <name>.debug_info</name>
         <load_address>0x12f12</load_address>
         <run_address>0x12f12</run_address>
         <size>0x744</size>
         <input_file_ref idref="fl-40"/>
      </object_component>
      <object_component id="oc-c6">
         <name>.debug_info</name>
         <load_address>0x13656</load_address>
         <run_address>0x13656</run_address>
         <size>0xef</size>
         <input_file_ref idref="fl-41"/>
      </object_component>
      <object_component id="oc-ca">
         <name>.debug_info</name>
         <load_address>0x13745</load_address>
         <run_address>0x13745</run_address>
         <size>0x662</size>
         <input_file_ref idref="fl-42"/>
      </object_component>
      <object_component id="oc-ce">
         <name>.debug_info</name>
         <load_address>0x13da7</load_address>
         <run_address>0x13da7</run_address>
         <size>0x706</size>
         <input_file_ref idref="fl-43"/>
      </object_component>
      <object_component id="oc-d2">
         <name>.debug_info</name>
         <load_address>0x144ad</load_address>
         <run_address>0x144ad</run_address>
         <size>0x4d2</size>
         <input_file_ref idref="fl-44"/>
      </object_component>
      <object_component id="oc-d6">
         <name>.debug_info</name>
         <load_address>0x1497f</load_address>
         <run_address>0x1497f</run_address>
         <size>0x5f7</size>
         <input_file_ref idref="fl-45"/>
      </object_component>
      <object_component id="oc-da">
         <name>.debug_info</name>
         <load_address>0x14f76</load_address>
         <run_address>0x14f76</run_address>
         <size>0x64a</size>
         <input_file_ref idref="fl-46"/>
      </object_component>
      <object_component id="oc-df">
         <name>.debug_info</name>
         <load_address>0x155c0</load_address>
         <run_address>0x155c0</run_address>
         <size>0xa1c</size>
         <input_file_ref idref="fl-47"/>
      </object_component>
      <object_component id="oc-e5">
         <name>.debug_info</name>
         <load_address>0x15fdc</load_address>
         <run_address>0x15fdc</run_address>
         <size>0xb97</size>
         <input_file_ref idref="fl-48"/>
      </object_component>
      <object_component id="oc-eb">
         <name>.debug_info</name>
         <load_address>0x16b73</load_address>
         <run_address>0x16b73</run_address>
         <size>0x64f</size>
         <input_file_ref idref="fl-49"/>
      </object_component>
      <object_component id="oc-ef">
         <name>.debug_info</name>
         <load_address>0x171c2</load_address>
         <run_address>0x171c2</run_address>
         <size>0x510</size>
         <input_file_ref idref="fl-4a"/>
      </object_component>
      <object_component id="oc-118">
         <name>.debug_info</name>
         <load_address>0x176d2</load_address>
         <run_address>0x176d2</run_address>
         <size>0x6e</size>
      </object_component>
      <object_component id="oc-f3">
         <name>.const:__ctypes_</name>
         <load_address>0x5814</load_address>
         <run_address>0x5814</run_address>
         <size>0x202</size>
         <input_file_ref idref="fl-2e"/>
      </object_component>
      <object_component id="oc-62">
         <name>.const:.string</name>
         <load_address>0x5a18</load_address>
         <run_address>0x5a18</run_address>
         <size>0x48</size>
         <input_file_ref idref="fl-29"/>
      </object_component>
      <object_component id="oc-61">
         <name>.const</name>
         <load_address>0x5a60</load_address>
         <run_address>0x5a60</run_address>
         <size>0x18</size>
         <input_file_ref idref="fl-29"/>
      </object_component>
      <object_component id="oc-f4">
         <name>.const:_initial_approx$1</name>
         <load_address>0x5a78</load_address>
         <run_address>0x5a78</run_address>
         <size>0x10</size>
         <input_file_ref idref="fl-30"/>
      </object_component>
      <object_component id="oc-8">
         <name>.const:.string</name>
         <load_address>0x5a88</load_address>
         <run_address>0x5a88</run_address>
         <size>0x6</size>
         <input_file_ref idref="fl-2"/>
      </object_component>
      <object_component id="oc-85">
         <name>.const:.string</name>
         <load_address>0x5a90</load_address>
         <run_address>0x5a90</run_address>
         <size>0x4</size>
         <input_file_ref idref="fl-32"/>
      </object_component>
      <object_component id="oc-7">
         <name>.const</name>
         <load_address>0x5a94</load_address>
         <run_address>0x5a94</run_address>
         <size>0x4</size>
         <input_file_ref idref="fl-2"/>
      </object_component>
      <object_component id="oc-49">
         <name>.const</name>
         <load_address>0x5a98</load_address>
         <run_address>0x5a98</run_address>
         <size>0x4</size>
         <input_file_ref idref="fl-24"/>
      </object_component>
      <object_component id="oc-9">
         <name>.debug_frame</name>
         <load_address>0x0</load_address>
         <run_address>0x0</run_address>
         <size>0x1ab</size>
         <input_file_ref idref="fl-2"/>
      </object_component>
      <object_component id="oc-10">
         <name>.debug_frame</name>
         <load_address>0x1ab</load_address>
         <run_address>0x1ab</run_address>
         <size>0x116</size>
         <input_file_ref idref="fl-3"/>
      </object_component>
      <object_component id="oc-15">
         <name>.debug_frame</name>
         <load_address>0x2c1</load_address>
         <run_address>0x2c1</run_address>
         <size>0x116</size>
         <input_file_ref idref="fl-4"/>
      </object_component>
      <object_component id="oc-1a">
         <name>.debug_frame</name>
         <load_address>0x3d7</load_address>
         <run_address>0x3d7</run_address>
         <size>0x135</size>
         <input_file_ref idref="fl-5"/>
      </object_component>
      <object_component id="oc-21">
         <name>.debug_frame</name>
         <load_address>0x50c</load_address>
         <run_address>0x50c</run_address>
         <size>0x14a</size>
         <input_file_ref idref="fl-6"/>
      </object_component>
      <object_component id="oc-a">
         <name>.debug_line</name>
         <load_address>0x0</load_address>
         <run_address>0x0</run_address>
         <size>0x37b</size>
         <input_file_ref idref="fl-2"/>
      </object_component>
      <object_component id="oc-11">
         <name>.debug_line</name>
         <load_address>0x37b</load_address>
         <run_address>0x37b</run_address>
         <size>0x119</size>
         <input_file_ref idref="fl-3"/>
      </object_component>
      <object_component id="oc-16">
         <name>.debug_line</name>
         <load_address>0x494</load_address>
         <run_address>0x494</run_address>
         <size>0x80</size>
         <input_file_ref idref="fl-4"/>
      </object_component>
      <object_component id="oc-1b">
         <name>.debug_line</name>
         <load_address>0x514</load_address>
         <run_address>0x514</run_address>
         <size>0xdb</size>
         <input_file_ref idref="fl-5"/>
      </object_component>
      <object_component id="oc-22">
         <name>.debug_line</name>
         <load_address>0x5ef</load_address>
         <run_address>0x5ef</run_address>
         <size>0x11d</size>
         <input_file_ref idref="fl-6"/>
      </object_component>
      <object_component id="oc-26">
         <name>.debug_line</name>
         <load_address>0x70c</load_address>
         <run_address>0x70c</run_address>
         <size>0x5c</size>
         <input_file_ref idref="fl-1c"/>
      </object_component>
      <object_component id="oc-2a">
         <name>.debug_line</name>
         <load_address>0x768</load_address>
         <run_address>0x768</run_address>
         <size>0x54</size>
         <input_file_ref idref="fl-1d"/>
      </object_component>
      <object_component id="oc-2e">
         <name>.debug_line</name>
         <load_address>0x7bc</load_address>
         <run_address>0x7bc</run_address>
         <size>0x3c</size>
         <input_file_ref idref="fl-1e"/>
      </object_component>
      <object_component id="oc-32">
         <name>.debug_line</name>
         <load_address>0x7f8</load_address>
         <run_address>0x7f8</run_address>
         <size>0x44</size>
         <input_file_ref idref="fl-1f"/>
      </object_component>
      <object_component id="oc-39">
         <name>.debug_line</name>
         <load_address>0x83c</load_address>
         <run_address>0x83c</run_address>
         <size>0x51</size>
         <input_file_ref idref="fl-20"/>
      </object_component>
      <object_component id="oc-3d">
         <name>.debug_line</name>
         <load_address>0x88d</load_address>
         <run_address>0x88d</run_address>
         <size>0x3d</size>
         <input_file_ref idref="fl-21"/>
      </object_component>
      <object_component id="oc-41">
         <name>.debug_line</name>
         <load_address>0x8ca</load_address>
         <run_address>0x8ca</run_address>
         <size>0x3d</size>
         <input_file_ref idref="fl-22"/>
      </object_component>
      <object_component id="oc-45">
         <name>.debug_line</name>
         <load_address>0x907</load_address>
         <run_address>0x907</run_address>
         <size>0x3d</size>
         <input_file_ref idref="fl-23"/>
      </object_component>
      <object_component id="oc-4a">
         <name>.debug_line</name>
         <load_address>0x944</load_address>
         <run_address>0x944</run_address>
         <size>0x44</size>
         <input_file_ref idref="fl-24"/>
      </object_component>
      <object_component id="oc-4e">
         <name>.debug_line</name>
         <load_address>0x988</load_address>
         <run_address>0x988</run_address>
         <size>0x3c</size>
         <input_file_ref idref="fl-25"/>
      </object_component>
      <object_component id="oc-52">
         <name>.debug_line</name>
         <load_address>0x9c4</load_address>
         <run_address>0x9c4</run_address>
         <size>0x69</size>
         <input_file_ref idref="fl-26"/>
      </object_component>
      <object_component id="oc-57">
         <name>.debug_line</name>
         <load_address>0xa2d</load_address>
         <run_address>0xa2d</run_address>
         <size>0x37</size>
         <input_file_ref idref="fl-27"/>
      </object_component>
      <object_component id="oc-5d">
         <name>.debug_line</name>
         <load_address>0xa64</load_address>
         <run_address>0xa64</run_address>
         <size>0x57</size>
         <input_file_ref idref="fl-28"/>
      </object_component>
      <object_component id="oc-63">
         <name>.debug_line</name>
         <load_address>0xabb</load_address>
         <run_address>0xabb</run_address>
         <size>0x328</size>
         <input_file_ref idref="fl-29"/>
      </object_component>
      <object_component id="oc-67">
         <name>.debug_line</name>
         <load_address>0xde3</load_address>
         <run_address>0xde3</run_address>
         <size>0x41</size>
         <input_file_ref idref="fl-2a"/>
      </object_component>
      <object_component id="oc-6b">
         <name>.debug_line</name>
         <load_address>0xe24</load_address>
         <run_address>0xe24</run_address>
         <size>0x46</size>
         <input_file_ref idref="fl-2b"/>
      </object_component>
      <object_component id="oc-6f">
         <name>.debug_line</name>
         <load_address>0xe6a</load_address>
         <run_address>0xe6a</run_address>
         <size>0x55</size>
         <input_file_ref idref="fl-2c"/>
      </object_component>
      <object_component id="oc-73">
         <name>.debug_line</name>
         <load_address>0xebf</load_address>
         <run_address>0xebf</run_address>
         <size>0xad</size>
         <input_file_ref idref="fl-2d"/>
      </object_component>
      <object_component id="oc-7d">
         <name>.debug_line</name>
         <load_address>0xf6c</load_address>
         <run_address>0xf6c</run_address>
         <size>0x5b</size>
         <input_file_ref idref="fl-30"/>
      </object_component>
      <object_component id="oc-81">
         <name>.debug_line</name>
         <load_address>0xfc7</load_address>
         <run_address>0xfc7</run_address>
         <size>0x56</size>
         <input_file_ref idref="fl-31"/>
      </object_component>
      <object_component id="oc-86">
         <name>.debug_line</name>
         <load_address>0x101d</load_address>
         <run_address>0x101d</run_address>
         <size>0xa8</size>
         <input_file_ref idref="fl-32"/>
      </object_component>
      <object_component id="oc-8a">
         <name>.debug_line</name>
         <load_address>0x10c5</load_address>
         <run_address>0x10c5</run_address>
         <size>0x40</size>
         <input_file_ref idref="fl-33"/>
      </object_component>
      <object_component id="oc-8e">
         <name>.debug_line</name>
         <load_address>0x1105</load_address>
         <run_address>0x1105</run_address>
         <size>0x38</size>
         <input_file_ref idref="fl-34"/>
      </object_component>
      <object_component id="oc-92">
         <name>.debug_line</name>
         <load_address>0x113d</load_address>
         <run_address>0x113d</run_address>
         <size>0xa8</size>
         <input_file_ref idref="fl-35"/>
      </object_component>
      <object_component id="oc-98">
         <name>.debug_line</name>
         <load_address>0x11e5</load_address>
         <run_address>0x11e5</run_address>
         <size>0x1b0</size>
         <input_file_ref idref="fl-36"/>
      </object_component>
      <object_component id="oc-9c">
         <name>.debug_line</name>
         <load_address>0x1395</load_address>
         <run_address>0x1395</run_address>
         <size>0x40</size>
         <input_file_ref idref="fl-37"/>
      </object_component>
      <object_component id="oc-a0">
         <name>.debug_line</name>
         <load_address>0x13d5</load_address>
         <run_address>0x13d5</run_address>
         <size>0x3c</size>
         <input_file_ref idref="fl-38"/>
      </object_component>
      <object_component id="oc-a4">
         <name>.debug_line</name>
         <load_address>0x1411</load_address>
         <run_address>0x1411</run_address>
         <size>0x4d</size>
         <input_file_ref idref="fl-39"/>
      </object_component>
      <object_component id="oc-a8">
         <name>.debug_line</name>
         <load_address>0x145e</load_address>
         <run_address>0x145e</run_address>
         <size>0x3c</size>
         <input_file_ref idref="fl-3a"/>
      </object_component>
      <object_component id="oc-ac">
         <name>.debug_line</name>
         <load_address>0x149a</load_address>
         <run_address>0x149a</run_address>
         <size>0x37</size>
         <input_file_ref idref="fl-3b"/>
      </object_component>
      <object_component id="oc-b0">
         <name>.debug_line</name>
         <load_address>0x14d1</load_address>
         <run_address>0x14d1</run_address>
         <size>0x3c</size>
         <input_file_ref idref="fl-3c"/>
      </object_component>
      <object_component id="oc-b4">
         <name>.debug_line</name>
         <load_address>0x150d</load_address>
         <run_address>0x150d</run_address>
         <size>0x44</size>
         <input_file_ref idref="fl-3d"/>
      </object_component>
      <object_component id="oc-b8">
         <name>.debug_line</name>
         <load_address>0x1551</load_address>
         <run_address>0x1551</run_address>
         <size>0x37</size>
         <input_file_ref idref="fl-3e"/>
      </object_component>
      <object_component id="oc-bd">
         <name>.debug_line</name>
         <load_address>0x1588</load_address>
         <run_address>0x1588</run_address>
         <size>0x15d</size>
         <input_file_ref idref="fl-3f"/>
      </object_component>
      <object_component id="oc-c3">
         <name>.debug_line</name>
         <load_address>0x16e5</load_address>
         <run_address>0x16e5</run_address>
         <size>0x6a</size>
         <input_file_ref idref="fl-40"/>
      </object_component>
      <object_component id="oc-c7">
         <name>.debug_line</name>
         <load_address>0x174f</load_address>
         <run_address>0x174f</run_address>
         <size>0x58</size>
         <input_file_ref idref="fl-41"/>
      </object_component>
      <object_component id="oc-cb">
         <name>.debug_line</name>
         <load_address>0x17a7</load_address>
         <run_address>0x17a7</run_address>
         <size>0x57</size>
         <input_file_ref idref="fl-42"/>
      </object_component>
      <object_component id="oc-cf">
         <name>.debug_line</name>
         <load_address>0x17fe</load_address>
         <run_address>0x17fe</run_address>
         <size>0x5b</size>
         <input_file_ref idref="fl-43"/>
      </object_component>
      <object_component id="oc-d3">
         <name>.debug_line</name>
         <load_address>0x1859</load_address>
         <run_address>0x1859</run_address>
         <size>0x3a</size>
         <input_file_ref idref="fl-44"/>
      </object_component>
      <object_component id="oc-d7">
         <name>.debug_line</name>
         <load_address>0x1893</load_address>
         <run_address>0x1893</run_address>
         <size>0x3c</size>
         <input_file_ref idref="fl-45"/>
      </object_component>
      <object_component id="oc-db">
         <name>.debug_line</name>
         <load_address>0x18cf</load_address>
         <run_address>0x18cf</run_address>
         <size>0x3f</size>
         <input_file_ref idref="fl-46"/>
      </object_component>
      <object_component id="oc-e1">
         <name>.debug_line</name>
         <load_address>0x190e</load_address>
         <run_address>0x190e</run_address>
         <size>0xd7</size>
         <input_file_ref idref="fl-47"/>
      </object_component>
      <object_component id="oc-e8">
         <name>.debug_line</name>
         <load_address>0x19e5</load_address>
         <run_address>0x19e5</run_address>
         <size>0x112</size>
         <input_file_ref idref="fl-48"/>
      </object_component>
      <object_component id="oc-ec">
         <name>.debug_line</name>
         <load_address>0x1af7</load_address>
         <run_address>0x1af7</run_address>
         <size>0x3d</size>
         <input_file_ref idref="fl-49"/>
      </object_component>
      <object_component id="oc-f0">
         <name>.debug_line</name>
         <load_address>0x1b34</load_address>
         <run_address>0x1b34</run_address>
         <size>0x39</size>
         <input_file_ref idref="fl-4a"/>
      </object_component>
      <object_component id="oc-b">
         <name>.debug_abbrev</name>
         <load_address>0x0</load_address>
         <run_address>0x0</run_address>
         <size>0x172</size>
         <input_file_ref idref="fl-2"/>
      </object_component>
      <object_component id="oc-12">
         <name>.debug_abbrev</name>
         <load_address>0x172</load_address>
         <run_address>0x172</run_address>
         <size>0xd6</size>
         <input_file_ref idref="fl-3"/>
      </object_component>
      <object_component id="oc-17">
         <name>.debug_abbrev</name>
         <load_address>0x248</load_address>
         <run_address>0x248</run_address>
         <size>0xf2</size>
         <input_file_ref idref="fl-4"/>
      </object_component>
      <object_component id="oc-1c">
         <name>.debug_abbrev</name>
         <load_address>0x33a</load_address>
         <run_address>0x33a</run_address>
         <size>0x92</size>
         <input_file_ref idref="fl-5"/>
      </object_component>
      <object_component id="oc-23">
         <name>.debug_abbrev</name>
         <load_address>0x3cc</load_address>
         <run_address>0x3cc</run_address>
         <size>0xfb</size>
         <input_file_ref idref="fl-6"/>
      </object_component>
      <object_component id="oc-27">
         <name>.debug_abbrev</name>
         <load_address>0x4c7</load_address>
         <run_address>0x4c7</run_address>
         <size>0xd4</size>
         <input_file_ref idref="fl-1c"/>
      </object_component>
      <object_component id="oc-2b">
         <name>.debug_abbrev</name>
         <load_address>0x59b</load_address>
         <run_address>0x59b</run_address>
         <size>0x3a</size>
         <input_file_ref idref="fl-1d"/>
      </object_component>
      <object_component id="oc-2f">
         <name>.debug_abbrev</name>
         <load_address>0x5d5</load_address>
         <run_address>0x5d5</run_address>
         <size>0xa6</size>
         <input_file_ref idref="fl-1e"/>
      </object_component>
      <object_component id="oc-33">
         <name>.debug_abbrev</name>
         <load_address>0x67b</load_address>
         <run_address>0x67b</run_address>
         <size>0xb5</size>
         <input_file_ref idref="fl-1f"/>
      </object_component>
      <object_component id="oc-3a">
         <name>.debug_abbrev</name>
         <load_address>0x730</load_address>
         <run_address>0x730</run_address>
         <size>0xf7</size>
         <input_file_ref idref="fl-20"/>
      </object_component>
      <object_component id="oc-3e">
         <name>.debug_abbrev</name>
         <load_address>0x827</load_address>
         <run_address>0x827</run_address>
         <size>0x8f</size>
         <input_file_ref idref="fl-21"/>
      </object_component>
      <object_component id="oc-42">
         <name>.debug_abbrev</name>
         <load_address>0x8b6</load_address>
         <run_address>0x8b6</run_address>
         <size>0xb7</size>
         <input_file_ref idref="fl-22"/>
      </object_component>
      <object_component id="oc-46">
         <name>.debug_abbrev</name>
         <load_address>0x96d</load_address>
         <run_address>0x96d</run_address>
         <size>0x8f</size>
         <input_file_ref idref="fl-23"/>
      </object_component>
      <object_component id="oc-4b">
         <name>.debug_abbrev</name>
         <load_address>0x9fc</load_address>
         <run_address>0x9fc</run_address>
         <size>0xc2</size>
         <input_file_ref idref="fl-24"/>
      </object_component>
      <object_component id="oc-4f">
         <name>.debug_abbrev</name>
         <load_address>0xabe</load_address>
         <run_address>0xabe</run_address>
         <size>0x38</size>
         <input_file_ref idref="fl-25"/>
      </object_component>
      <object_component id="oc-53">
         <name>.debug_abbrev</name>
         <load_address>0xaf6</load_address>
         <run_address>0xaf6</run_address>
         <size>0x145</size>
         <input_file_ref idref="fl-26"/>
      </object_component>
      <object_component id="oc-58">
         <name>.debug_abbrev</name>
         <load_address>0xc3b</load_address>
         <run_address>0xc3b</run_address>
         <size>0x26</size>
         <input_file_ref idref="fl-27"/>
      </object_component>
      <object_component id="oc-5e">
         <name>.debug_abbrev</name>
         <load_address>0xc61</load_address>
         <run_address>0xc61</run_address>
         <size>0x9f</size>
         <input_file_ref idref="fl-28"/>
      </object_component>
      <object_component id="oc-64">
         <name>.debug_abbrev</name>
         <load_address>0xd00</load_address>
         <run_address>0xd00</run_address>
         <size>0x1f8</size>
         <input_file_ref idref="fl-29"/>
      </object_component>
      <object_component id="oc-68">
         <name>.debug_abbrev</name>
         <load_address>0xef8</load_address>
         <run_address>0xef8</run_address>
         <size>0xec</size>
         <input_file_ref idref="fl-2a"/>
      </object_component>
      <object_component id="oc-6c">
         <name>.debug_abbrev</name>
         <load_address>0xfe4</load_address>
         <run_address>0xfe4</run_address>
         <size>0xd5</size>
         <input_file_ref idref="fl-2b"/>
      </object_component>
      <object_component id="oc-70">
         <name>.debug_abbrev</name>
         <load_address>0x10b9</load_address>
         <run_address>0x10b9</run_address>
         <size>0x44</size>
         <input_file_ref idref="fl-2c"/>
      </object_component>
      <object_component id="oc-74">
         <name>.debug_abbrev</name>
         <load_address>0x10fd</load_address>
         <run_address>0x10fd</run_address>
         <size>0xb7</size>
         <input_file_ref idref="fl-2d"/>
      </object_component>
      <object_component id="oc-76">
         <name>.debug_abbrev</name>
         <load_address>0x11b4</load_address>
         <run_address>0x11b4</run_address>
         <size>0x68</size>
         <input_file_ref idref="fl-2e"/>
      </object_component>
      <object_component id="oc-7a">
         <name>.debug_abbrev</name>
         <load_address>0x121c</load_address>
         <run_address>0x121c</run_address>
         <size>0x83</size>
         <input_file_ref idref="fl-2f"/>
      </object_component>
      <object_component id="oc-7e">
         <name>.debug_abbrev</name>
         <load_address>0x129f</load_address>
         <run_address>0x129f</run_address>
         <size>0x112</size>
         <input_file_ref idref="fl-30"/>
      </object_component>
      <object_component id="oc-82">
         <name>.debug_abbrev</name>
         <load_address>0x13b1</load_address>
         <run_address>0x13b1</run_address>
         <size>0x103</size>
         <input_file_ref idref="fl-31"/>
      </object_component>
      <object_component id="oc-87">
         <name>.debug_abbrev</name>
         <load_address>0x14b4</load_address>
         <run_address>0x14b4</run_address>
         <size>0x140</size>
         <input_file_ref idref="fl-32"/>
      </object_component>
      <object_component id="oc-8b">
         <name>.debug_abbrev</name>
         <load_address>0x15f4</load_address>
         <run_address>0x15f4</run_address>
         <size>0x9a</size>
         <input_file_ref idref="fl-33"/>
      </object_component>
      <object_component id="oc-8f">
         <name>.debug_abbrev</name>
         <load_address>0x168e</load_address>
         <run_address>0x168e</run_address>
         <size>0xd0</size>
         <input_file_ref idref="fl-34"/>
      </object_component>
      <object_component id="oc-93">
         <name>.debug_abbrev</name>
         <load_address>0x175e</load_address>
         <run_address>0x175e</run_address>
         <size>0xb7</size>
         <input_file_ref idref="fl-35"/>
      </object_component>
      <object_component id="oc-99">
         <name>.debug_abbrev</name>
         <load_address>0x1815</load_address>
         <run_address>0x1815</run_address>
         <size>0x225</size>
         <input_file_ref idref="fl-36"/>
      </object_component>
      <object_component id="oc-9d">
         <name>.debug_abbrev</name>
         <load_address>0x1a3a</load_address>
         <run_address>0x1a3a</run_address>
         <size>0xec</size>
         <input_file_ref idref="fl-37"/>
      </object_component>
      <object_component id="oc-a1">
         <name>.debug_abbrev</name>
         <load_address>0x1b26</load_address>
         <run_address>0x1b26</run_address>
         <size>0xb7</size>
         <input_file_ref idref="fl-38"/>
      </object_component>
      <object_component id="oc-a5">
         <name>.debug_abbrev</name>
         <load_address>0x1bdd</load_address>
         <run_address>0x1bdd</run_address>
         <size>0x38</size>
         <input_file_ref idref="fl-39"/>
      </object_component>
      <object_component id="oc-a9">
         <name>.debug_abbrev</name>
         <load_address>0x1c15</load_address>
         <run_address>0x1c15</run_address>
         <size>0xdc</size>
         <input_file_ref idref="fl-3a"/>
      </object_component>
      <object_component id="oc-ad">
         <name>.debug_abbrev</name>
         <load_address>0x1cf1</load_address>
         <run_address>0x1cf1</run_address>
         <size>0x81</size>
         <input_file_ref idref="fl-3b"/>
      </object_component>
      <object_component id="oc-b1">
         <name>.debug_abbrev</name>
         <load_address>0x1d72</load_address>
         <run_address>0x1d72</run_address>
         <size>0xa6</size>
         <input_file_ref idref="fl-3c"/>
      </object_component>
      <object_component id="oc-b5">
         <name>.debug_abbrev</name>
         <load_address>0x1e18</load_address>
         <run_address>0x1e18</run_address>
         <size>0xb5</size>
         <input_file_ref idref="fl-3d"/>
      </object_component>
      <object_component id="oc-b9">
         <name>.debug_abbrev</name>
         <load_address>0x1ecd</load_address>
         <run_address>0x1ecd</run_address>
         <size>0x8f</size>
         <input_file_ref idref="fl-3e"/>
      </object_component>
      <object_component id="oc-be">
         <name>.debug_abbrev</name>
         <load_address>0x1f5c</load_address>
         <run_address>0x1f5c</run_address>
         <size>0x15a</size>
         <input_file_ref idref="fl-3f"/>
      </object_component>
      <object_component id="oc-c4">
         <name>.debug_abbrev</name>
         <load_address>0x20b6</load_address>
         <run_address>0x20b6</run_address>
         <size>0xde</size>
         <input_file_ref idref="fl-40"/>
      </object_component>
      <object_component id="oc-c8">
         <name>.debug_abbrev</name>
         <load_address>0x2194</load_address>
         <run_address>0x2194</run_address>
         <size>0x38</size>
         <input_file_ref idref="fl-41"/>
      </object_component>
      <object_component id="oc-cc">
         <name>.debug_abbrev</name>
         <load_address>0x21cc</load_address>
         <run_address>0x21cc</run_address>
         <size>0xd1</size>
         <input_file_ref idref="fl-42"/>
      </object_component>
      <object_component id="oc-d0">
         <name>.debug_abbrev</name>
         <load_address>0x229d</load_address>
         <run_address>0x229d</run_address>
         <size>0x136</size>
         <input_file_ref idref="fl-43"/>
      </object_component>
      <object_component id="oc-d4">
         <name>.debug_abbrev</name>
         <load_address>0x23d3</load_address>
         <run_address>0x23d3</run_address>
         <size>0x81</size>
         <input_file_ref idref="fl-44"/>
      </object_component>
      <object_component id="oc-d8">
         <name>.debug_abbrev</name>
         <load_address>0x2454</load_address>
         <run_address>0x2454</run_address>
         <size>0xd1</size>
         <input_file_ref idref="fl-45"/>
      </object_component>
      <object_component id="oc-dc">
         <name>.debug_abbrev</name>
         <load_address>0x2525</load_address>
         <run_address>0x2525</run_address>
         <size>0x10b</size>
         <input_file_ref idref="fl-46"/>
      </object_component>
      <object_component id="oc-e2">
         <name>.debug_abbrev</name>
         <load_address>0x2630</load_address>
         <run_address>0x2630</run_address>
         <size>0x1a2</size>
         <input_file_ref idref="fl-47"/>
      </object_component>
      <object_component id="oc-e9">
         <name>.debug_abbrev</name>
         <load_address>0x27d2</load_address>
         <run_address>0x27d2</run_address>
         <size>0x1de</size>
         <input_file_ref idref="fl-48"/>
      </object_component>
      <object_component id="oc-ed">
         <name>.debug_abbrev</name>
         <load_address>0x29b0</load_address>
         <run_address>0x29b0</run_address>
         <size>0x118</size>
         <input_file_ref idref="fl-49"/>
      </object_component>
      <object_component id="oc-f1">
         <name>.debug_abbrev</name>
         <load_address>0x2ac8</load_address>
         <run_address>0x2ac8</run_address>
         <size>0xbf</size>
         <input_file_ref idref="fl-4a"/>
      </object_component>
      <object_component id="oc-119">
         <name>.debug_abbrev</name>
         <load_address>0x2b87</load_address>
         <run_address>0x2b87</run_address>
         <size>0xd</size>
      </object_component>
      <object_component id="oc-28">
         <name>.stack</name>
         <uninitialized>true</uninitialized>
         <run_address>0x5ce0</run_address>
         <size>0x0</size>
         <input_file_ref idref="fl-1d"/>
      </object_component>
      <object_component id="oc-114">
         <name>.stack</name>
         <uninitialized>true</uninitialized>
         <run_address>0x5ce0</run_address>
         <size>0x0</size>
      </object_component>
      <object_component id="oc-c1">
         <name>.cio</name>
         <uninitialized>true</uninitialized>
         <run_address>0x5aa0</run_address>
         <size>0x240</size>
         <input_file_ref idref="fl-40"/>
      </object_component>
      <object_component id="oc-e7">
         <name>.sysmem</name>
         <uninitialized>true</uninitialized>
         <run_address>0x5414</run_address>
         <size>0x0</size>
         <input_file_ref idref="fl-48"/>
      </object_component>
      <object_component id="oc-115">
         <name>.sysmem</name>
         <uninitialized>true</uninitialized>
         <run_address>0x5414</run_address>
         <size>0x0</size>
      </object_component>
      <object_component id="oc-f2">
         <name>.sysstack</name>
         <uninitialized>true</uninitialized>
         <run_address>0x5ee0</run_address>
         <size>0x0</size>
         <input_file_ref idref="fl-1d"/>
      </object_component>
      <object_component id="oc-116">
         <name>.sysstack</name>
         <uninitialized>true</uninitialized>
         <run_address>0x5ee0</run_address>
         <size>0x0</size>
      </object_component>
   </object_component_list>
   <logical_group_list>
      <logical_group id="lg-f5">
         <name>.text</name>
         <load_address>0x100</load_address>
         <run_address>0x100</run_address>
         <size>0x4bca</size>
         <contents>
            <object_component_ref idref="oc-5f"/>
            <object_component_ref idref="oc-3"/>
            <object_component_ref idref="oc-94"/>
            <object_component_ref idref="oc-ba"/>
            <object_component_ref idref="oc-e3"/>
            <object_component_ref idref="oc-7b"/>
            <object_component_ref idref="oc-dd"/>
            <object_component_ref idref="oc-90"/>
            <object_component_ref idref="oc-24"/>
            <object_component_ref idref="oc-71"/>
            <object_component_ref idref="oc-c"/>
            <object_component_ref idref="oc-83"/>
            <object_component_ref idref="oc-18"/>
            <object_component_ref idref="oc-a6"/>
            <object_component_ref idref="oc-1d"/>
            <object_component_ref idref="oc-d9"/>
            <object_component_ref idref="oc-c9"/>
            <object_component_ref idref="oc-cd"/>
            <object_component_ref idref="oc-c2"/>
            <object_component_ref idref="oc-7f"/>
            <object_component_ref idref="oc-30"/>
            <object_component_ref idref="oc-9a"/>
            <object_component_ref idref="oc-ea"/>
            <object_component_ref idref="oc-d1"/>
            <object_component_ref idref="oc-88"/>
            <object_component_ref idref="oc-b2"/>
            <object_component_ref idref="oc-3f"/>
            <object_component_ref idref="oc-bf"/>
            <object_component_ref idref="oc-d5"/>
            <object_component_ref idref="oc-47"/>
            <object_component_ref idref="oc-69"/>
            <object_component_ref idref="oc-13"/>
            <object_component_ref idref="oc-50"/>
            <object_component_ref idref="oc-6d"/>
            <object_component_ref idref="oc-65"/>
            <object_component_ref idref="oc-ae"/>
            <object_component_ref idref="oc-2c"/>
            <object_component_ref idref="oc-a2"/>
            <object_component_ref idref="oc-34"/>
            <object_component_ref idref="oc-2"/>
            <object_component_ref idref="oc-3b"/>
            <object_component_ref idref="oc-c5"/>
            <object_component_ref idref="oc-9e"/>
            <object_component_ref idref="oc-8c"/>
            <object_component_ref idref="oc-b6"/>
            <object_component_ref idref="oc-4c"/>
            <object_component_ref idref="oc-59"/>
            <object_component_ref idref="oc-aa"/>
            <object_component_ref idref="oc-43"/>
            <object_component_ref idref="oc-ee"/>
            <object_component_ref idref="oc-38"/>
            <object_component_ref idref="oc-54"/>
         </contents>
      </logical_group>
      <logical_group id="lg-f6">
         <name>.data</name>
         <run_address>0x10000</run_address>
         <size>0x0</size>
         <contents>
         </contents>
      </logical_group>
      <logical_group id="lg-f7">
         <name>.bss</name>
         <run_address>0x10000</run_address>
         <size>0xafc</size>
         <contents>
            <object_component_ref idref="oc-4"/>
            <object_component_ref idref="oc-d"/>
            <object_component_ref idref="oc-1e"/>
            <object_component_ref idref="oc-35"/>
            <object_component_ref idref="oc-5a"/>
            <object_component_ref idref="oc-77"/>
            <object_component_ref idref="oc-95"/>
            <object_component_ref idref="oc-bb"/>
            <object_component_ref idref="oc-de"/>
            <object_component_ref idref="oc-e4"/>
         </contents>
      </logical_group>
      <logical_group id="lg-f8">
         <name>vectors</name>
         <load_address>0xffff00</load_address>
         <run_address>0xffff00</run_address>
         <size>0x100</size>
         <contents>
            <object_component_ref idref="oc-55"/>
         </contents>
      </logical_group>
      <logical_group id="lg-f9">
         <name>.cinit</name>
         <load_address>0x4cca</load_address>
         <run_address>0x4cca</run_address>
         <size>0x74a</size>
         <contents>
            <object_component_ref idref="oc-6"/>
            <object_component_ref idref="oc-97"/>
[...]
      </symbol>
      <symbol id="sm-ff">
         <name>_Get_Sar_Key</name>
         <value>0x3a13</value>
         <object_component_ref idref="oc-c"/>
      </symbol>
      <symbol id="sm-100">
         <name>_Init_SAR</name>
         <value>0x398a</value>
         <object_component_ref idref="oc-c"/>
      </symbol>
      <symbol id="sm-101">
         <name>_Read_GPAIN1</name>
         <value>0x39a2</value>
         <object_component_ref idref="oc-c"/>
      </symbol>
      <symbol id="sm-10f">
         <name>_USBSTK5515_wait</name>
         <value>0x4950</value>
         <object_component_ref idref="oc-13"/>
      </symbol>
      <symbol id="sm-110">
         <name>_USBSTK5515_init</name>
         <value>0x4996</value>
         <object_component_ref idref="oc-13"/>
      </symbol>
      <symbol id="sm-111">
         <name>_USBSTK5515_waitusec</name>
         <value>0x4984</value>
         <object_component_ref idref="oc-13"/>
      </symbol>
      <symbol id="sm-125">
         <name>_USBSTK5515_GPIO_setOutput</name>
         <value>0x3d00</value>
         <object_component_ref idref="oc-18"/>
      </symbol>
      <symbol id="sm-126">
         <name>_USBSTK5515_GPIO_setDirection</name>
         <value>0x3c83</value>
         <object_component_ref idref="oc-18"/>
      </symbol>
      <symbol id="sm-127">
         <name>_USBSTK5515_GPIO_init</name>
         <value>0x3c7f</value>
         <object_component_ref idref="oc-18"/>
      </symbol>
      <symbol id="sm-128">
         <name>_USBSTK5515_GPIO_getInput</name>
         <value>0x3d7d</value>
         <object_component_ref idref="oc-18"/>
      </symbol>
      <symbol id="sm-150">
         <name>_USBSTK5515_I2C_close</name>
         <value>0x3f40</value>
         <object_component_ref idref="oc-1d"/>
      </symbol>
      <symbol id="sm-151">
         <name>_USBSTK5515_I2C_read</name>
         <value>0x3fe6</value>
         <object_component_ref idref="oc-1d"/>
      </symbol>
      <symbol id="sm-152">
         <name>_USBSTK5515_I2C_write</name>
         <value>0x3f57</value>
         <object_component_ref idref="oc-1d"/>
      </symbol>
      <symbol id="sm-153">
         <name>_USBSTK5515_I2C_reset</name>
         <value>0x3f49</value>
         <object_component_ref idref="oc-1d"/>
      </symbol>
      <symbol id="sm-154">
         <name>_i2c_timeout</name>
         <value>0x10af8</value>
         <object_component_ref idref="oc-1e"/>
      </symbol>
      <symbol id="sm-155">
         <name>_USBSTK5515_I2C_init</name>
         <value>0x3f21</value>
         <object_component_ref idref="oc-1d"/>
      </symbol>
      <symbol id="sm-15f">
         <name>__addd</name>
         <value>0x3546</value>
         <object_component_ref idref="oc-24"/>
      </symbol>
      <symbol id="sm-16b">
         <name>__sysstack</name>
         <value>0x5ee0</value>
         <object_component_ref idref="oc-f2"/>
      </symbol>
      <symbol id="sm-16c">
         <name>_c_int00</name>
         <value>0x4b9c</value>
         <object_component_ref idref="oc-2"/>
      </symbol>
      <symbol id="sm-16d">
         <name>__stack</name>
         <value>0x5ce0</value>
         <object_component_ref idref="oc-28"/>
      </symbol>
      <symbol id="sm-177">
         <name>__divli</name>
         <value>0x4ad7</value>
         <object_component_ref idref="oc-2c"/>
      </symbol>
      <symbol id="sm-182">
         <name>__divul</name>
         <value>0x4452</value>
         <object_component_ref idref="oc-30"/>
      </symbol>
      <symbol id="sm-192">
         <name>C$$EXIT</name>
         <value>0x4cc1</value>
         <object_component_ref idref="oc-38"/>
      </symbol>
      <symbol id="sm-193">
         <name>_exit</name>
         <value>0x4b5e</value>
         <object_component_ref idref="oc-34"/>
      </symbol>
      <symbol id="sm-194">
         <name>_abort</name>
         <value>0x4cc0</value>
         <object_component_ref idref="oc-38"/>
      </symbol>
      <symbol id="sm-195">
         <name>__cleanup_ptr</name>
         <value>0x10ae8</value>
         <object_component_ref idref="oc-35"/>
      </symbol>
      <symbol id="sm-196">
         <name>__dtors_ptr</name>
         <value>0x10aec</value>
         <object_component_ref idref="oc-35"/>
      </symbol>
      <symbol id="sm-1a0">
         <name>__fixdi</name>
         <value>0x4bd0</value>
         <object_component_ref idref="oc-3b"/>
      </symbol>
      <symbol id="sm-1aa">
         <name>__fixdli</name>
         <value>0x4746</value>
         <object_component_ref idref="oc-3f"/>
      </symbol>
      <symbol id="sm-1b4">
         <name>__fltid</name>
         <value>0x4caa</value>
         <object_component_ref idref="oc-43"/>
      </symbol>
      <symbol id="sm-1c0">
         <name>__fltlid</name>
         <value>0x488d</value>
         <object_component_ref idref="oc-47"/>
      </symbol>
      <symbol id="sm-1c8">
         <name>__mpyli</name>
         <value>0x4c75</value>
         <object_component_ref idref="oc-4c"/>
      </symbol>
      <symbol id="sm-1c9">
         <name>I$$LMPY</name>
         <value>0x4c75</value>
         <object_component_ref idref="oc-4c"/>
      </symbol>
      <symbol id="sm-1d3">
         <name>_printf</name>
         <value>0x49a4</value>
         <object_component_ref idref="oc-50"/>
      </symbol>
      <symbol id="sm-1dd">
         <name>_Reset</name>
         <value>0xffff00</value>
         <object_component_ref idref="oc-55"/>
      </symbol>
      <symbol id="sm-1eb">
         <name>__unlock</name>
         <value>0x10ae4</value>
         <object_component_ref idref="oc-5a"/>
      </symbol>
      <symbol id="sm-1ec">
         <name>__lock</name>
         <value>0x10ae0</value>
         <object_component_ref idref="oc-5a"/>
      </symbol>
      <symbol id="sm-1ed">
         <name>__register_lock</name>
         <value>0x4c90</value>
         <object_component_ref idref="oc-59"/>
      </symbol>
      <symbol id="sm-1ee">
         <name>__nop</name>
         <value>0x4c98</value>
         <object_component_ref idref="oc-59"/>
      </symbol>
      <symbol id="sm-1ef">
         <name>__register_unlock</name>
         <value>0x4c88</value>
         <object_component_ref idref="oc-59"/>
      </symbol>
      <symbol id="sm-201">
         <name>__printfi</name>
         <value>0x1462</value>
         <object_component_ref idref="oc-5f"/>
      </symbol>
      <symbol id="sm-20b">
         <name>__args_main</name>
         <value>0x4a41</value>
         <object_component_ref idref="oc-65"/>
      </symbol>
      <symbol id="sm-20c">
         <name>__TI_args_main</name>
         <value>0x1</value>
      </symbol>
      <symbol id="sm-216">
         <name>_atoi</name>
         <value>0x48f4</value>
         <object_component_ref idref="oc-69"/>
      </symbol>
      <symbol id="sm-21e">
         <name>_auto_init</name>
         <value>0x49f4</value>
         <object_component_ref idref="oc-6d"/>
      </symbol>
      <symbol id="sm-228">
         <name>__eqld</name>
         <value>0x38fe</value>
         <object_component_ref idref="oc-71"/>
      </symbol>
      <symbol id="sm-229">
         <name>__cmpd</name>
         <value>0x3932</value>
         <object_component_ref idref="oc-71"/>
      </symbol>
      <symbol id="sm-22a">
         <name>__neqd</name>
         <value>0x37a0</value>
         <object_component_ref idref="oc-71"/>
      </symbol>
      <symbol id="sm-22b">
         <name>__gtrd</name>
         <value>0x3869</value>
         <object_component_ref idref="oc-71"/>
      </symbol>
      <symbol id="sm-22c">
         <name>__geqd</name>
         <value>0x38b4</value>
         <object_component_ref idref="oc-71"/>
      </symbol>
      <symbol id="sm-22d">
         <name>__leqd</name>
         <value>0x381c</value>
         <object_component_ref idref="oc-71"/>
      </symbol>
      <symbol id="sm-22e">
         <name>__lssd</name>
         <value>0x37d4</value>
         <object_component_ref idref="oc-71"/>
      </symbol>
      <symbol id="sm-236">
         <name>__ctypes_</name>
         <value>0x5814</value>
         <object_component_ref idref="oc-f3"/>
      </symbol>
      <symbol id="sm-240">
         <name>__tmpnams</name>
         <value>0x1070c</value>
         <object_component_ref idref="oc-77"/>
      </symbol>
      <symbol id="sm-241">
         <name>__ft_end</name>
         <value>0x1084c</value>
         <object_component_ref idref="oc-77"/>
      </symbol>
      <symbol id="sm-242">
         <name>__ftable</name>
         <value>0x1061c</value>
         <object_component_ref idref="oc-77"/>
      </symbol>
      <symbol id="sm-24e">
         <name>__divd</name>
         <value>0x2c9d</value>
         <object_component_ref idref="oc-7b"/>
      </symbol>
      <symbol id="sm-258">
         <name>_putchar</name>
         <value>0x4443</value>
         <object_component_ref idref="oc-7f"/>
      </symbol>
      <symbol id="sm-259">
         <name>_putc</name>
         <value>0x43ac</value>
         <object_component_ref idref="oc-7f"/>
      </symbol>
      <symbol id="sm-25a">
         <name>_fputc</name>
         <value>0x43ac</value>
         <object_component_ref idref="oc-7f"/>
      </symbol>
      <symbol id="sm-268">
         <name>_puts</name>
         <value>0x3c51</value>
         <object_component_ref idref="oc-83"/>
      </symbol>
      <symbol id="sm-269">
         <name>_fputs</name>
         <value>0x3b1c</value>
         <object_component_ref idref="oc-83"/>
      </symbol>
      <symbol id="sm-273">
         <name>__frcmpyd_div</name>
         <value>0x4661</value>
         <object_component_ref idref="oc-88"/>
      </symbol>
      <symbol id="sm-27d">
         <name>___isinf</name>
         <value>0x4c47</value>
         <object_component_ref idref="oc-8c"/>
      </symbol>
      <symbol id="sm-287">
         <name>__divull</name>
         <value>0x341d</value>
         <object_component_ref idref="oc-90"/>
      </symbol>
      <symbol id="sm-288">
         <name>__mpylli</name>
         <value>0x3365</value>
         <object_component_ref idref="oc-90"/>
      </symbol>
      <symbol id="sm-289">
         <name>__remlli</name>
         <value>0x3336</value>
         <object_component_ref idref="oc-90"/>
      </symbol>
      <symbol id="sm-28a">
         <name>__divlli</name>
         <value>0x3511</value>
         <object_component_ref idref="oc-90"/>
      </symbol>
      <symbol id="sm-28b">
         <name>__remull</name>
         <value>0x32e8</value>
         <object_component_ref idref="oc-90"/>
      </symbol>
      <symbol id="sm-29d">
         <name>_add_device</name>
         <value>0x21d0</value>
         <object_component_ref idref="oc-94"/>
      </symbol>
      <symbol id="sm-29e">
         <name>_rename</name>
         <value>0x1ef2</value>
         <object_component_ref idref="oc-94"/>
      </symbol>
      <symbol id="sm-29f">
         <name>_read</name>
         <value>0x1f81</value>
         <object_component_ref idref="oc-94"/>
      </symbol>
      <symbol id="sm-2a0">
         <name>_unlink</name>
         <value>0x1ebf</value>
         <object_component_ref idref="oc-94"/>
      </symbol>
      <symbol id="sm-2a1">
         <name>_remove_device</name>
         <value>0x1f4b</value>
         <object_component_ref idref="oc-94"/>
      </symbol>
      <symbol id="sm-2a2">
         <name>_open</name>
         <value>0x202f</value>
         <object_component_ref idref="oc-94"/>
      </symbol>
      <symbol id="sm-2a3">
         <name>_find_registered_device</name>
         <value>0x2154</value>
         <object_component_ref idref="oc-94"/>
      </symbol>
      <symbol id="sm-2a4">
         <name>_lseek</name>
         <value>0x20ee</value>
         <object_component_ref idref="oc-94"/>
      </symbol>
      <symbol id="sm-2a5">
         <name>_close</name>
         <value>0x215d</value>
         <object_component_ref idref="oc-94"/>
      </symbol>
      <symbol id="sm-2a6">
         <name>_write</name>
         <value>0x1d7d</value>
         <object_component_ref idref="oc-94"/>
      </symbol>
      <symbol id="sm-2b0">
         <name>_ltoa</name>
         <value>0x44f3</value>
         <object_component_ref idref="oc-9a"/>
      </symbol>
      <symbol id="sm-2bb">
         <name>_memccpy</name>
         <value>0x4c24</value>
         <object_component_ref idref="oc-9e"/>
      </symbol>
      <symbol id="sm-2c3">
         <name>_memcpy</name>
         <value>0x4b1f</value>
         <object_component_ref idref="oc-a2"/>
      </symbol>
      <symbol id="sm-2cd">
         <name>__mpyd</name>
         <value>0x3dd5</value>
         <object_component_ref idref="oc-a6"/>
      </symbol>
      <symbol id="sm-2d7">
         <name>__negd</name>
         <value>0x4c9a</value>
         <object_component_ref idref="oc-aa"/>
      </symbol>
      <symbol id="sm-2e1">
         <name>__remli</name>
         <value>0x4a8c</value>
         <object_component_ref idref="oc-ae"/>
      </symbol>
      <symbol id="sm-2ec">
         <name>__remul</name>
         <value>0x46d4</value>
         <object_component_ref idref="oc-b2"/>
      </symbol>
      <symbol id="sm-2f6">
         <name>__subd</name>
         <value>0x4c61</value>
         <object_component_ref idref="oc-b6"/>
      </symbol>
      <symbol id="sm-302">
         <name>_HOSTopen</name>
         <value>0x25cb</value>
         <object_component_ref idref="oc-ba"/>
      </symbol>
      <symbol id="sm-303">
         <name>_HOSTread</name>
         <value>0x253e</value>
         <object_component_ref idref="oc-ba"/>
      </symbol>
      <symbol id="sm-304">
         <name>_HOSTtime</name>
         <value>0x2432</value>
         <object_component_ref idref="oc-ba"/>
      </symbol>
      <symbol id="sm-305">
         <name>_getenv</name>
         <value>0x22c0</value>
         <object_component_ref idref="oc-ba"/>
      </symbol>
      <symbol id="sm-306">
         <name>_HOSTrename</name>
         <value>0x2490</value>
         <object_component_ref idref="oc-ba"/>
      </symbol>
      <symbol id="sm-307">
         <name>_HOSTclock</name>
         <value>0x278a</value>
         <object_component_ref idref="oc-ba"/>
      </symbol>
      <symbol id="sm-308">
         <name>_HOSTwrite</name>
         <value>0x233b</value>
         <object_component_ref idref="oc-ba"/>
      </symbol>
      <symbol id="sm-309">
         <name>_HOSTlseek</name>
         <value>0x266a</value>
         <object_component_ref idref="oc-ba"/>
      </symbol>
      <symbol id="sm-30a">
         <name>_HOSTunlink</name>
         <value>0x23c8</value>
         <object_component_ref idref="oc-ba"/>
      </symbol>
      <symbol id="sm-30b">
         <name>_HOSTclose</name>
         <value>0x271f</value>
         <object_component_ref idref="oc-ba"/>
      </symbol>
      <symbol id="sm-31d">
         <name>C$$IO$$</name>
         <value>0x43a7</value>
         <object_component_ref idref="oc-c2"/>
      </symbol>
      <symbol id="sm-31e">
         <name>__CIOBUF_</name>
         <value>0x5aa0</value>
         <object_component_ref idref="oc-c1"/>
      </symbol>
      <symbol id="sm-31f">
         <name>_readmsg</name>
         <value>0x47b5</value>
         <object_component_ref idref="oc-bf"/>
      </symbol>
      <symbol id="sm-320">
         <name>_writemsg</name>
         <value>0x42f2</value>
         <object_component_ref idref="oc-c2"/>
      </symbol>
      <symbol id="sm-328">
         <name>__remu</name>
         <value>0x4c0f</value>
         <object_component_ref idref="oc-c5"/>
      </symbol>
      <symbol id="sm-329">
         <name>__divu</name>
         <value>0x4bfa</value>
         <object_component_ref idref="oc-c5"/>
      </symbol>
      <symbol id="sm-32a">
         <name>I$$UMOD</name>
         <value>0x4c0f</value>
         <object_component_ref idref="oc-c5"/>
      </symbol>
      <symbol id="sm-32b">
         <name>I$$UDIV</name>
         <value>0x4bfa</value>
         <object_component_ref idref="oc-c5"/>
      </symbol>
      <symbol id="sm-335">
         <name>__rd_ok</name>
         <value>0x41d3</value>
         <object_component_ref idref="oc-c9"/>
      </symbol>
      <symbol id="sm-336">
         <name>__wrt_ok</name>
         <value>0x4153</value>
         <object_component_ref idref="oc-c9"/>
      </symbol>
      <symbol id="sm-340">
         <name>__doflush</name>
         <value>0x4230</value>
         <object_component_ref idref="oc-cd"/>
      </symbol>
      <symbol id="sm-341">
         <name>_fflush</name>
         <value>0x4299</value>
         <object_component_ref idref="oc-cd"/>
      </symbol>
      <symbol id="sm-34b">
         <name>__frcmpyd</name>
         <value>0x45eb</value>
         <object_component_ref idref="oc-d1"/>
      </symbol>
      <symbol id="sm-355">
         <name>_fseek</name>
         <value>0x4822</value>
         <object_component_ref idref="oc-d5"/>
      </symbol>
      <symbol id="sm-35f">
         <name>_setvbuf</name>
         <value>0x406d</value>
         <object_component_ref idref="oc-d9"/>
      </symbol>
      <symbol id="sm-36e">
         <name>__cleanup</name>
         <value>0x318a</value>
         <object_component_ref idref="oc-dd"/>
      </symbol>
      <symbol id="sm-36f">
         <name>_fopen</name>
         <value>0x32ad</value>
         <object_component_ref idref="oc-dd"/>
      </symbol>
      <symbol id="sm-370">
         <name>_freopen</name>
         <value>0x31e4</value>
         <object_component_ref idref="oc-dd"/>
      </symbol>
      <symbol id="sm-380">
         <name>__sys_memory</name>
         <value>0x5414</value>
         <object_component_ref idref="oc-e7"/>
      </symbol>
      <symbol id="sm-381">
         <name>_chkheap</name>
         <value>0x2c6f</value>
         <object_component_ref idref="oc-e3"/>
      </symbol>
      <symbol id="sm-382">
         <name>_realloc</name>
         <value>0x2a0e</value>
         <object_component_ref idref="oc-e3"/>
      </symbol>
      <symbol id="sm-383">
         <name>_free_memory</name>
         <value>0x2c19</value>
         <object_component_ref idref="oc-e3"/>
      </symbol>
      <symbol id="sm-384">
         <name>_max_free</name>
         <value>0x2bbf</value>
         <object_component_ref idref="oc-e3"/>
      </symbol>
      <symbol id="sm-385">
         <name>_free</name>
         <value>0x27e8</value>
         <object_component_ref idref="oc-e3"/>
      </symbol>
      <symbol id="sm-386">
         <name>_calloc</name>
         <value>0x2c77</value>
         <object_component_ref idref="oc-e3"/>
      </symbol>
      <symbol id="sm-387">
         <name>_malloc</name>
         <value>0x2919</value>
         <object_component_ref idref="oc-e3"/>
      </symbol>
      <symbol id="sm-388">
         <name>_minit</name>
         <value>0x28b4</value>
         <object_component_ref idref="oc-e3"/>
      </symbol>
      <symbol id="sm-392">
         <name>_fclose</name>
         <value>0x4570</value>
         <object_component_ref idref="oc-ea"/>
      </symbol>
      <symbol id="sm-39c">
         <name>_remove</name>
         <value>0x4cb6</value>
         <object_component_ref idref="oc-ee"/>
      </symbol>
   </symbol_table>
</link_info>
